Archive member included to satisfy reference by file (symbol)

c:/st/stm32cubeide_1.7.0/stm32cubeide/plugins/com.st.stm32cube.ide.mcu.externaltools.gnu-tools-for-stm32.9-2020-q2-update.win32_2.0.0.202105311346/tools/bin/../lib/gcc/arm-none-eabi/9.3.1/../../../../arm-none-eabi/lib/thumb/v7e-m+fp/hard\libstdc++_nano.a(new_op.o)
                              ./Core/Src/Build_Packet.o (operator new(unsigned int))
c:/st/stm32cubeide_1.7.0/stm32cubeide/plugins/com.st.stm32cube.ide.mcu.externaltools.gnu-tools-for-stm32.9-2020-q2-update.win32_2.0.0.202105311346/tools/bin/../lib/gcc/arm-none-eabi/9.3.1/../../../../arm-none-eabi/lib/thumb/v7e-m+fp/hard\libstdc++_nano.a(new_handler.o)
                              c:/st/stm32cubeide_1.7.0/stm32cubeide/plugins/com.st.stm32cube.ide.mcu.externaltools.gnu-tools-for-stm32.9-2020-q2-update.win32_2.0.0.202105311346/tools/bin/../lib/gcc/arm-none-eabi/9.3.1/../../../../arm-none-eabi/lib/thumb/v7e-m+fp/hard\libstdc++_nano.a(new_op.o) (std::get_new_handler())
c:/st/stm32cubeide_1.7.0/stm32cubeide/plugins/com.st.stm32cube.ide.mcu.externaltools.gnu-tools-for-stm32.9-2020-q2-update.win32_2.0.0.202105311346/tools/bin/../lib/gcc/arm-none-eabi/9.3.1/../../../../arm-none-eabi/lib/thumb/v7e-m+fp/hard\libc_nano.a(lib_a-abort.o)
                              c:/st/stm32cubeide_1.7.0/stm32cubeide/plugins/com.st.stm32cube.ide.mcu.externaltools.gnu-tools-for-stm32.9-2020-q2-update.win32_2.0.0.202105311346/tools/bin/../lib/gcc/arm-none-eabi/9.3.1/../../../../arm-none-eabi/lib/thumb/v7e-m+fp/hard\libstdc++_nano.a(new_op.o) (abort)
c:/st/stm32cubeide_1.7.0/stm32cubeide/plugins/com.st.stm32cube.ide.mcu.externaltools.gnu-tools-for-stm32.9-2020-q2-update.win32_2.0.0.202105311346/tools/bin/../lib/gcc/arm-none-eabi/9.3.1/../../../../arm-none-eabi/lib/thumb/v7e-m+fp/hard\libc_nano.a(lib_a-errno.o)
                              ./Core/Src/syscalls.o (__errno)
c:/st/stm32cubeide_1.7.0/stm32cubeide/plugins/com.st.stm32cube.ide.mcu.externaltools.gnu-tools-for-stm32.9-2020-q2-update.win32_2.0.0.202105311346/tools/bin/../lib/gcc/arm-none-eabi/9.3.1/../../../../arm-none-eabi/lib/thumb/v7e-m+fp/hard\libc_nano.a(lib_a-exit.o)
                              c:/st/stm32cubeide_1.7.0/stm32cubeide/plugins/com.st.stm32cube.ide.mcu.externaltools.gnu-tools-for-stm32.9-2020-q2-update.win32_2.0.0.202105311346/tools/bin/../lib/gcc/arm-none-eabi/9.3.1/../../../../arm-none-eabi/lib/thumb/v7e-m+fp/hard/crt0.o (exit)
c:/st/stm32cubeide_1.7.0/stm32cubeide/plugins/com.st.stm32cube.ide.mcu.externaltools.gnu-tools-for-stm32.9-2020-q2-update.win32_2.0.0.202105311346/tools/bin/../lib/gcc/arm-none-eabi/9.3.1/../../../../arm-none-eabi/lib/thumb/v7e-m+fp/hard\libc_nano.a(lib_a-impure.o)
                              c:/st/stm32cubeide_1.7.0/stm32cubeide/plugins/com.st.stm32cube.ide.mcu.externaltools.gnu-tools-for-stm32.9-2020-q2-update.win32_2.0.0.202105311346/tools/bin/../lib/gcc/arm-none-eabi/9.3.1/../../../../arm-none-eabi/lib/thumb/v7e-m+fp/hard\libc_nano.a(lib_a-exit.o) (_global_impure_ptr)
c:/st/stm32cubeide_1.7.0/stm32cubeide/plugins/com.st.stm32cube.ide.mcu.externaltools.gnu-tools-for-stm32.9-2020-q2-update.win32_2.0.0.202105311346/tools/bin/../lib/gcc/arm-none-eabi/9.3.1/../../../../arm-none-eabi/lib/thumb/v7e-m+fp/hard\libc_nano.a(lib_a-init.o)
                              c:/st/stm32cubeide_1.7.0/stm32cubeide/plugins/com.st.stm32cube.ide.mcu.externaltools.gnu-tools-for-stm32.9-2020-q2-update.win32_2.0.0.202105311346/tools/bin/../lib/gcc/arm-none-eabi/9.3.1/../../../../arm-none-eabi/lib/thumb/v7e-m+fp/hard/crt0.o (__libc_init_array)
c:/st/stm32cubeide_1.7.0/stm32cubeide/plugins/com.st.stm32cube.ide.mcu.externaltools.gnu-tools-for-stm32.9-2020-q2-update.win32_2.0.0.202105311346/tools/bin/../lib/gcc/arm-none-eabi/9.3.1/../../../../arm-none-eabi/lib/thumb/v7e-m+fp/hard\libc_nano.a(lib_a-malloc.o)
                              c:/st/stm32cubeide_1.7.0/stm32cubeide/plugins/com.st.stm32cube.ide.mcu.externaltools.gnu-tools-for-stm32.9-2020-q2-update.win32_2.0.0.202105311346/tools/bin/../lib/gcc/arm-none-eabi/9.3.1/../../../../arm-none-eabi/lib/thumb/v7e-m+fp/hard\libstdc++_nano.a(new_op.o) (malloc)
c:/st/stm32cubeide_1.7.0/stm32cubeide/plugins/com.st.stm32cube.ide.mcu.externaltools.gnu-tools-for-stm32.9-2020-q2-update.win32_2.0.0.202105311346/tools/bin/../lib/gcc/arm-none-eabi/9.3.1/../../../../arm-none-eabi/lib/thumb/v7e-m+fp/hard\libc_nano.a(lib_a-memset.o)
                              c:/st/stm32cubeide_1.7.0/stm32cubeide/plugins/com.st.stm32cube.ide.mcu.externaltools.gnu-tools-for-stm32.9-2020-q2-update.win32_2.0.0.202105311346/tools/bin/../lib/gcc/arm-none-eabi/9.3.1/../../../../arm-none-eabi/lib/thumb/v7e-m+fp/hard/crt0.o (memset)
c:/st/stm32cubeide_1.7.0/stm32cubeide/plugins/com.st.stm32cube.ide.mcu.externaltools.gnu-tools-for-stm32.9-2020-q2-update.win32_2.0.0.202105311346/tools/bin/../lib/gcc/arm-none-eabi/9.3.1/../../../../arm-none-eabi/lib/thumb/v7e-m+fp/hard\libc_nano.a(lib_a-nano-freer.o)
[...]
Memory Configuration

Name             Origin             Length             Attributes
RAM              0x0000000020000000 0x0000000000050000 xrw
FLASH            0x0000000008000000 0x0000000000080000 xr
*default*        0x0000000000000000 0xffffffffffffffff

Linker script and memory map

LOAD c:/st/stm32cubeide_1.7.0/stm32cubeide/plugins/com.st.stm32cube.ide.mcu.externaltools.gnu-tools-for-stm32.9-2020-q2-update.win32_2.0.0.202105311346/tools/bin/../lib/gcc/arm-none-eabi/9.3.1/thumb/v7e-m+fp/hard/crti.o
LOAD c:/st/stm32cubeide_1.7.0/stm32cubeide/plugins/com.st.stm32cube.ide.mcu.externaltools.gnu-tools-for-stm32.9-2020-q2-update.win32_2.0.0.202105311346/tools/bin/../lib/gcc/arm-none-eabi/9.3.1/thumb/v7e-m+fp/hard/crtbegin.o
LOAD c:/st/stm32cubeide_1.7.0/stm32cubeide/plugins/com.st.stm32cube.ide.mcu.externaltools.gnu-tools-for-stm32.9-2020-q2-update.win32_2.0.0.202105311346/tools/bin/../lib/gcc/arm-none-eabi/9.3.1/../../../../arm-none-eabi/lib/thumb/v7e-m+fp/hard/crt0.o
LOAD ./Core/Src/Build_Packet.o
LOAD ./Core/Src/CAN.o
LOAD ./Core/Src/Can_Send_Receive.o
LOAD ./Core/Src/Device_State.o
LOAD ./Core/Src/NRF24L01.o
LOAD ./Core/Src/Radio_Control.o
LOAD ./Core/Src/main.o
LOAD ./Core/Src/stm32l4xx_hal_msp.o
LOAD ./Core/Src/stm32l4xx_it.o
LOAD ./Core/Src/syscalls.o
LOAD ./Core/Src/sysmem.o
LOAD ./Core/Src/system_stm32l4xx.o
LOAD ./Core/Startup/startup_stm32l4p5retx.o
LOAD ./Drivers/STM32L4xx_HAL_Driver/Src/stm32l4xx_hal.o
LOAD ./Drivers/STM32L4xx_HAL_Driver/Src/stm32l4xx_hal_can.o
LOAD ./Drivers/STM32L4xx_HAL_Driver/Src/stm32l4xx_hal_cortex.o
LOAD ./Drivers/STM32L4xx_HAL_Driver/Src/stm32l4xx_hal_dma.o
LOAD ./Drivers/STM32L4xx_HAL_Driver/Src/stm32l4xx_hal_dma_ex.o
LOAD ./Drivers/STM32L4xx_HAL_Driver/Src/stm32l4xx_hal_exti.o
LOAD ./Drivers/STM32L4xx_HAL_Driver/Src/stm32l4xx_hal_flash.o
LOAD ./Drivers/STM32L4xx_HAL_Driver/Src/stm32l4xx_hal_flash_ex.o
LOAD ./Drivers/STM32L4xx_HAL_Driver/Src/stm32l4xx_hal_flash_ramfunc.o
LOAD ./Drivers/STM32L4xx_HAL_Driver/Src/stm32l4xx_hal_gpio.o
LOAD ./Drivers/STM32L4xx_HAL_Driver/Src/stm32l4xx_hal_i2c.o
LOAD ./Drivers/STM32L4xx_HAL_Driver/Src/stm32l4xx_hal_i2c_ex.o
LOAD ./Drivers/STM32L4xx_HAL_Driver/Src/stm32l4xx_hal_pwr.o
LOAD ./Drivers/STM32L4xx_HAL_Driver/Src/stm32l4xx_hal_pwr_ex.o
LOAD ./Drivers/STM32L4xx_HAL_Driver/Src/stm32l4xx_hal_rcc.o
LOAD ./Drivers/STM32L4xx_HAL_Driver/Src/stm32l4xx_hal_rcc_ex.o
LOAD ./Drivers/STM32L4xx_HAL_Driver/Src/stm32l4xx_hal_spi.o
LOAD ./Drivers/STM32L4xx_HAL_Driver/Src/stm32l4xx_hal_spi_ex.o
LOAD ./Drivers/STM32L4xx_HAL_Driver/Src/stm32l4xx_hal_tim.o
LOAD ./Drivers/STM32L4xx_HAL_Driver/Src/stm32l4xx_hal_tim_ex.o
START GROUP
LOAD c:/st/stm32cubeide_1.7.0/stm32cubeide/plugins/com.st.stm32cube.ide.mcu.externaltools.gnu-tools-for-stm32.9-2020-q2-update.win32_2.0.0.202105311346/tools/bin/../lib/gcc/arm-none-eabi/9.3.1/../../../../arm-none-eabi/lib/thumb/v7e-m+fp/hard\libstdc++_nano.a
LOAD c:/st/stm32cubeide_1.7.0/stm32cubeide/plugins/com.st.stm32cube.ide.mcu.externaltools.gnu-tools-for-stm32.9-2020-q2-update.win32_2.0.0.202105311346/tools/bin/../lib/gcc/arm-none-eabi/9.3.1/../../../../arm-none-eabi/lib/thumb/v7e-m+fp/hard\libsupc++_nano.a
END GROUP
LOAD c:/st/stm32cubeide_1.7.0/stm32cubeide/plugins/com.st.stm32cube.ide.mcu.externaltools.gnu-tools-for-stm32.9-2020-q2-update.win32_2.0.0.202105311346/tools/bin/../lib/gcc/arm-none-eabi/9.3.1/../../../../arm-none-eabi/lib/thumb/v7e-m+fp/hard\libstdc++_nano.a
LOAD c:/st/stm32cubeide_1.7.0/stm32cubeide/plugins/com.st.stm32cube.ide.mcu.externaltools.gnu-tools-for-stm32.9-2020-q2-update.win32_2.0.0.202105311346/tools/bin/../lib/gcc/arm-none-eabi/9.3.1/../../../../arm-none-eabi/lib/thumb/v7e-m+fp/hard\libm.a
LOAD c:/st/stm32cubeide_1.7.0/stm32cubeide/plugins/com.st.stm32cube.ide.mcu.externaltools.gnu-tools-for-stm32.9-2020-q2-update.win32_2.0.0.202105311346/tools/bin/../lib/gcc/arm-none-eabi/9.3.1/../../../../arm-none-eabi/lib/thumb/v7e-m+fp/hard\libc_nano.a
START GROUP
LOAD c:/st/stm32cubeide_1.7.0/stm32cubeide/plugins/com.st.stm32cube.ide.mcu.externaltools.gnu-tools-for-stm32.9-2020-q2-update.win32_2.0.0.202105311346/tools/bin/../lib/gcc/arm-none-eabi/9.3.1/thumb/v7e-m+fp/hard\libgcc.a
LOAD c:/st/stm32cubeide_1.7.0/stm32cubeide/plugins/com.st.stm32cube.ide.mcu.externaltools.gnu-tools-for-stm32.9-2020-q2-update.win32_2.0.0.202105311346/tools/bin/../lib/gcc/arm-none-eabi/9.3.1/../../../../arm-none-eabi/lib/thumb/v7e-m+fp/hard\libc_nano.a
END GROUP
START GROUP
LOAD c:/st/stm32cubeide_1.7.0/stm32cubeide/plugins/com.st.stm32cube.ide.mcu.externaltools.gnu-tools-for-stm32.9-2020-q2-update.win32_2.0.0.202105311346/tools/bin/../lib/gcc/arm-none-eabi/9.3.1/thumb/v7e-m+fp/hard\libgcc.a
LOAD c:/st/stm32cubeide_1.7.0/stm32cubeide/plugins/com.st.stm32cube.ide.mcu.externaltools.gnu-tools-for-stm32.9-2020-q2-update.win32_2.0.0.202105311346/tools/bin/../lib/gcc/arm-none-eabi/9.3.1/../../../../arm-none-eabi/lib/thumb/v7e-m+fp/hard\libc_nano.a
LOAD c:/st/stm32cubeide_1.7.0/stm32cubeide/plugins/com.st.stm32cube.ide.mcu.externaltools.gnu-tools-for-stm32.9-2020-q2-update.win32_2.0.0.202105311346/tools/bin/../lib/gcc/arm-none-eabi/9.3.1/../../../../arm-none-eabi/lib/thumb/v7e-m+fp/hard\libnosys.a
END GROUP
START GROUP
LOAD c:/st/stm32cubeide_1.7.0/stm32cubeide/plugins/com.st.stm32cube.ide.mcu.externaltools.gnu-tools-for-stm32.9-2020-q2-update.win32_2.0.0.202105311346/tools/bin/../lib/gcc/arm-none-eabi/9.3.1/thumb/v7e-m+fp/hard\libgcc.a
LOAD c:/st/stm32cubeide_1.7.0/stm32cubeide/plugins/com.st.stm32cube.ide.mcu.externaltools.gnu-tools-for-stm32.9-2020-q2-update.win32_2.0.0.202105311346/tools/bin/../lib/gcc/arm-none-eabi/9.3.1/../../../../arm-none-eabi/lib/thumb/v7e-m+fp/hard\libc_nano.a
LOAD c:/st/stm32cubeide_1.7.0/stm32cubeide/plugins/com.st.stm32cube.ide.mcu.externaltools.gnu-tools-for-stm32.9-2020-q2-update.win32_2.0.0.202105311346/tools/bin/../lib/gcc/arm-none-eabi/9.3.1/../../../../arm-none-eabi/lib/thumb/v7e-m+fp/hard\libnosys.a
END GROUP
LOAD c:/st/stm32cubeide_1.7.0/stm32cubeide/plugins/com.st.stm32cube.ide.mcu.externaltools.gnu-tools-for-stm32.9-2020-q2-update.win32_2.0.0.202105311346/tools/bin/../lib/gcc/arm-none-eabi/9.3.1/thumb/v7e-m+fp/hard/crtend.o
LOAD c:/st/stm32cubeide_1.7.0/stm32cubeide/plugins/com.st.stm32cube.ide.mcu.externaltools.gnu-tools-for-stm32.9-2020-q2-update.win32_2.0.0.202105311346/tools/bin/../lib/gcc/arm-none-eabi/9.3.1/thumb/v7e-m+fp/hard/crtn.o
                0x0000000020050000                _estack = (ORIGIN (RAM) + LENGTH (RAM))
                0x0000000000000200                _Min_Heap_Size = 0x200
                0x0000000000000400                _Min_Stack_Size = 0x400

.isr_vector     0x0000000008000000      0x1bc
                0x0000000008000000                . = ALIGN (0x4)
 *(.isr_vector)
 .isr_vector    0x0000000008000000      0x1bc ./Core/Startup/startup_stm32l4p5retx.o
                0x0000000008000000                g_pfnVectors
                0x00000000080001bc                . = ALIGN (0x4)

.text           0x00000000080001bc     0x4ee4
                0x00000000080001bc                . = ALIGN (0x4)
 *(.text)
 .text          0x00000000080001bc       0x40 c:/st/stm32cubeide_1.7.0/stm32cubeide/plugins/com.st.stm32cube.ide.mcu.externaltools.gnu-tools-for-stm32.9-2020-q2-update.win32_2.0.0.202105311346/tools/bin/../lib/gcc/arm-none-eabi/9.3.1/thumb/v7e-m+fp/hard/crtbegin.o
 *(.text*)
 .text._ZN11Can_Message9return_IDEv
                0x00000000080001fc       0x18 ./Core/Src/Build_Packet.o
                0x00000000080001fc                Can_Message::return_ID()
 .text._ZN11Can_Message11return_DataEi
                0x0000000008000214       0x20 ./Core/Src/Build_Packet.o
                0x0000000008000214                Can_Message::return_Data(int)
 .text._ZN17pointer_to_parserC2EPFvP8Packet_1P11Can_MessageP6StatesEi
                0x0000000008000234       0x26 ./Core/Src/Build_Packet.o
                0x0000000008000234                pointer_to_parser::pointer_to_parser(void (*)(Packet_1*, Can_Message*, States*), int)
                0x0000000008000234                pointer_to_parser::pointer_to_parser(void (*)(Packet_1*, Can_Message*, States*), int)
 *fill*         0x000000000800025a        0x2 
 .text._Z20Create_parsing_arrayv
                0x000000000800025c       0x5c ./Core/Src/Build_Packet.o
                0x000000000800025c                Create_parsing_array()
 .text._ZN8Packet_113Choose_ParserEP11Can_MessagePS_P6States
                0x00000000080002b8       0x40 ./Core/Src/Build_Packet.o
                0x00000000080002b8                Packet_1::Choose_Parser(Can_Message*, Packet_1*, States*)
 .text._ZN8Packet_112Prepare_DataEt
                0x00000000080002f8       0x7a ./Core/Src/Build_Packet.o
                0x00000000080002f8                Packet_1::Prepare_Data(unsigned short)
 .text._ZN8Packet_112Clear_PacketEv
                0x0000000008000372       0x1e ./Core/Src/Build_Packet.o
                0x0000000008000372                Packet_1::Clear_Packet()
 .text._ZN6States19Build_State_MessageEv
                0x0000000008000390       0x24 ./Core/Src/Build_Packet.o
                0x0000000008000390                States::Build_State_Message()
 .text._Z11APPS_ParserP8Packet_1P11Can_MessageP6States
                0x00000000080003b4       0x5a ./Core/Src/Build_Packet.o
                0x00000000080003b4                APPS_Parser(Packet_1*, Can_Message*, States*)
 .text._Z13BMS_LV_ParserP8Packet_1P11Can_MessageP6States
                0x000000000800040e       0x18 ./Core/Src/Build_Packet.o
                0x000000000800040e                BMS_LV_Parser(Packet_1*, Can_Message*, States*)
 *fill*         0x0000000008000426        0x2 
 .text._Z8CAN_Initv
                0x0000000008000428       0x1c ./Core/Src/Can_Send_Receive.o
                0x0000000008000428                CAN_Init()
 .text._Z11Open_Filterv
                0x0000000008000444       0xc4 ./Core/Src/Can_Send_Receive.o
                0x0000000008000444                Open_Filter()
 .text._ZN11Can_Message13Build_MessageEv
                0x0000000008000508       0x54 ./Core/Src/Can_Send_Receive.o
                0x0000000008000508                Can_Message::Build_Message()
 .text._Z12Send_MessagemmPh
                0x000000000800055c       0x38 ./Core/Src/Can_Send_Receive.o
                0x000000000800055c                Send_Message(unsigned long, unsigned long, unsigned char*)
 .text._Z9CS_Selectv
                0x0000000008000594       0x18 ./Core/Src/Radio_Control.o
                0x0000000008000594                CS_Select()
 .text._Z11CS_UnSelectv
                0x00000000080005ac       0x18 ./Core/Src/Radio_Control.o
                0x00000000080005ac                CS_UnSelect()
 .text._Z9CE_Enablev
                0x00000000080005c4       0x18 ./Core/Src/Radio_Control.o
                0x00000000080005c4                CE_Enable()
 .text._Z10CE_Disablev
                0x00000000080005dc       0x18 ./Core/Src/Radio_Control.o
                0x00000000080005dc                CE_Disable()
 .text._Z14nrf24_WriteReghh
                0x00000000080005f4       0x44 ./Core/Src/Radio_Control.o
                0x00000000080005f4                nrf24_WriteReg(unsigned char, unsigned char)
 .text._Z19nrf24_WriteRegMultihPhi
                0x0000000008000638       0x4c ./Core/Src/Radio_Control.o
                0x0000000008000638                nrf24_WriteRegMulti(unsigned char, unsigned char*, int)
 .text._Z13nrf24_ReadRegh
                0x0000000008000684       0x40 ./Core/Src/Radio_Control.o
                0x0000000008000684                nrf24_ReadReg(unsigned char)
 .text._Z10nrfsendCmdh
                0x00000000080006c4       0x2c ./Core/Src/Radio_Control.o
                0x00000000080006c4                nrfsendCmd(unsigned char)
 .text._Z11nrf24_reseth
                0x00000000080006f0      0x154 ./Core/Src/Radio_Control.o
                0x00000000080006f0                nrf24_reset(unsigned char)
 .text._Z10NRF24_Initv
                0x0000000008000844       0xa8 ./Core/Src/Radio_Control.o
                0x0000000008000844                NRF24_Init()
 .text._Z12NRF24_TxModePhh
                0x00000000080008ec       0x68 ./Core/Src/Radio_Control.o
                0x00000000080008ec                NRF24_TxMode(unsigned char*, unsigned char)
 .text._Z24Clear_retrasmission_flagv
                0x0000000008000954       0x30 ./Core/Src/Radio_Control.o
                0x0000000008000954                Clear_retrasmission_flag()
 .text._Z14NRF24_TransmitPh
                0x0000000008000984       0xc0 ./Core/Src/Radio_Control.o
                0x0000000008000984                NRF24_Transmit(unsigned char*)
 .text._Z25Setup_Radio_As_Transmiterv
                0x0000000008000a44       0x1c ./Core/Src/Radio_Control.o
                0x0000000008000a44                Setup_Radio_As_Transmiter()
 .text._Z9Send_DataPh
                0x0000000008000a60       0x30 ./Core/Src/Radio_Control.o
                0x0000000008000a60                Send_Data(unsigned char*)
 .text._ZN11Can_MessageC2Ev
                0x0000000008000a90       0x28 ./Core/Src/main.o
                0x0000000008000a90                Can_Message::Can_Message()
                0x0000000008000a90                Can_Message::Can_Message()
 .text._ZN8Packet_1C2Ev
                0x0000000008000ab8       0x80 ./Core/Src/main.o
                0x0000000008000ab8                Packet_1::Packet_1()
                0x0000000008000ab8                Packet_1::Packet_1()
 .text._ZN8Packet_118Return_flag_bufferEv
                0x0000000008000b38       0x1a ./Core/Src/main.o
                0x0000000008000b38                Packet_1::Return_flag_buffer()
 .text._ZN6StatesC2Ev
                0x0000000008000b52       0x20 ./Core/Src/main.o
                0x0000000008000b52                States::States()
                0x0000000008000b52                States::States()
 *fill*         0x0000000008000b72        0x2 
 .text._Z4SendP8Packet_1P6States
                0x0000000008000b74       0x60 ./Core/Src/main.o
                0x0000000008000b74                Send(Packet_1*, States*)
 .text.main     0x0000000008000bd4      0x110 ./Core/Src/main.o
                0x0000000008000bd4                main
 .text._Z18SystemClock_Configv
                0x0000000008000ce4       0xc2 ./Core/Src/main.o
                0x0000000008000ce4                SystemClock_Config()
 *fill*         0x0000000008000da6        0x2 
 .text._ZL12MX_CAN1_Initv
                0x0000000008000da8       0x78 ./Core/Src/main.o
 .text._ZL12MX_SPI1_Initv
                0x0000000008000e20       0x84 ./Core/Src/main.o
 .text._ZL12MX_TIM2_Initv
                0x0000000008000ea4       0xb8 ./Core/Src/main.o
 .text._ZL12MX_GPIO_Initv
                0x0000000008000f5c       0x60 ./Core/Src/main.o
 .text.Error_Handler
                0x0000000008000fbc        0xa ./Core/Src/main.o
                0x0000000008000fbc                Error_Handler
 *fill*         0x0000000008000fc6        0x2 
 .text.HAL_MspInit
                0x0000000008000fc8       0x48 ./Core/Src/stm32l4xx_hal_msp.o
                0x0000000008000fc8                HAL_MspInit
 .text.HAL_CAN_MspInit
                0x0000000008001010       0xa8 ./Core/Src/stm32l4xx_hal_msp.o
                0x0000000008001010                HAL_CAN_MspInit
 .text.HAL_SPI_MspInit
                0x00000000080010b8       0x84 ./Core/Src/stm32l4xx_hal_msp.o
                0x00000000080010b8                HAL_SPI_MspInit
 .text.HAL_TIM_Base_MspInit
                0x000000000800113c       0x48 ./Core/Src/stm32l4xx_hal_msp.o
                0x000000000800113c                HAL_TIM_Base_MspInit
 .text.NMI_Handler
                0x0000000008001184        0x6 ./Core/Src/stm32l4xx_it.o
                0x0000000008001184                NMI_Handler
 .text.HardFault_Handler
                0x000000000800118a        0x6 ./Core/Src/stm32l4xx_it.o
                0x000000000800118a                HardFault_Handler
 .text.MemManage_Handler
                0x0000000008001190        0x6 ./Core/Src/stm32l4xx_it.o
                0x0000000008001190                MemManage_Handler
 .text.BusFault_Handler
                0x0000000008001196        0x6 ./Core/Src/stm32l4xx_it.o
                0x0000000008001196                BusFault_Handler
 .text.UsageFault_Handler
                0x000000000800119c        0x6 ./Core/Src/stm32l4xx_it.o
                0x000000000800119c                UsageFault_Handler
 .text.SVC_Handler
                0x00000000080011a2        0xe ./Core/Src/stm32l4xx_it.o
                0x00000000080011a2                SVC_Handler
 .text.DebugMon_Handler
                0x00000000080011b0        0xe ./Core/Src/stm32l4xx_it.o
                0x00000000080011b0                DebugMon_Handler
 .text.PendSV_Handler
                0x00000000080011be        0xe ./Core/Src/stm32l4xx_it.o
                0x00000000080011be                PendSV_Handler
 .text.SysTick_Handler
                0x00000000080011cc        0xc ./Core/Src/stm32l4xx_it.o
                0x00000000080011cc                SysTick_Handler
 .text.CAN1_RX0_IRQHandler
                0x00000000080011d8       0x14 ./Core/Src/stm32l4xx_it.o
                0x00000000080011d8                CAN1_RX0_IRQHandler
 .text.CAN1_RX1_IRQHandler
                0x00000000080011ec       0x24 ./Core/Src/stm32l4xx_it.o
                0x00000000080011ec                CAN1_RX1_IRQHandler
 .text.TIM2_IRQHandler
                0x0000000008001210       0x1c ./Core/Src/stm32l4xx_it.o
                0x0000000008001210                TIM2_IRQHandler
 .text._getpid  0x000000000800122c       0x10 ./Core/Src/syscalls.o
                0x000000000800122c                _getpid
 .text._kill    0x000000000800123c       0x20 ./Core/Src/syscalls.o
                0x000000000800123c                _kill
 .text._exit    0x000000000800125c       0x14 ./Core/Src/syscalls.o
                0x000000000800125c                _exit
 .text._sbrk    0x0000000008001270       0x6c ./Core/Src/sysmem.o
                0x0000000008001270                _sbrk
 .text.SystemInit
                0x00000000080012dc       0x24 ./Core/Src/system_stm32l4xx.o
                0x00000000080012dc                SystemInit
 .text.Reset_Handler
                0x0000000008001300       0x50 ./Core/Startup/startup_stm32l4p5retx.o
                0x0000000008001300                Reset_Handler
 .text.Default_Handler
                0x0000000008001350        0x2 ./Core/Startup/startup_stm32l4p5retx.o
                0x0000000008001350                RTC_Alarm_IRQHandler
                0x0000000008001350                EXTI2_IRQHandler
                0x0000000008001350                TIM8_TRG_COM_IRQHandler
                0x0000000008001350                TIM8_CC_IRQHandler
                0x0000000008001350                TIM1_CC_IRQHandler
                0x0000000008001350                TSC_IRQHandler
                0x0000000008001350                TAMP_STAMP_IRQHandler
                0x0000000008001350                EXTI3_IRQHandler
                0x0000000008001350                LPTIM2_IRQHandler
                0x0000000008001350                DFSDM1_FLT1_IRQHandler
                0x0000000008001350                I2C3_ER_IRQHandler
                0x0000000008001350                EXTI0_IRQHandler
                0x0000000008001350                I2C2_EV_IRQHandler
                0x0000000008001350                FPU_IRQHandler
                0x0000000008001350                TIM1_UP_TIM16_IRQHandler
                0x0000000008001350                LTDC_ER_IRQHandler
                0x0000000008001350                ADC1_2_IRQHandler
                0x0000000008001350                SPI1_IRQHandler
                0x0000000008001350                OCTOSPI1_IRQHandler
                0x0000000008001350                TIM6_DAC_IRQHandler
                0x0000000008001350                TIM8_UP_IRQHandler
                0x0000000008001350                OCTOSPI2_IRQHandler
                0x0000000008001350                DMA2_Channel2_IRQHandler
                0x0000000008001350                DMA1_Channel4_IRQHandler
                0x0000000008001350                SAI2_IRQHandler
                0x0000000008001350                USART3_IRQHandler
                0x0000000008001350                DMA1_Channel7_IRQHandler
                0x0000000008001350                UART5_IRQHandler
                0x0000000008001350                TIM4_IRQHandler
                0x0000000008001350                DMA2_Channel1_IRQHandler
                0x0000000008001350                I2C1_EV_IRQHandler
                0x0000000008001350                DMAMUX1_OVR_IRQHandler
                0x0000000008001350                DMA1_Channel6_IRQHandler
                0x0000000008001350                UART4_IRQHandler
                0x0000000008001350                DMA2_Channel4_IRQHandler
                0x0000000008001350                TIM3_IRQHandler
                0x0000000008001350                RCC_IRQHandler
                0x0000000008001350                DMA1_Channel1_IRQHandler
                0x0000000008001350                Default_Handler
                0x0000000008001350                DMA2_Channel7_IRQHandler
                0x0000000008001350                EXTI15_10_IRQHandler
                0x0000000008001350                TIM7_IRQHandler
                0x0000000008001350                SDMMC1_IRQHandler
                0x0000000008001350                TIM5_IRQHandler
                0x0000000008001350                I2C3_EV_IRQHandler
                0x0000000008001350                EXTI9_5_IRQHandler
                0x0000000008001350                RTC_WKUP_IRQHandler
                0x0000000008001350                LTDC_IRQHandler
                0x0000000008001350                PVD_PVM_IRQHandler
                0x0000000008001350                SPI2_IRQHandler
                0x0000000008001350                CAN1_TX_IRQHandler
                0x0000000008001350                DMA2_Channel5_IRQHandler
                0x0000000008001350                DMA1_Channel5_IRQHandler
                0x0000000008001350                EXTI4_IRQHandler
                0x0000000008001350                RNG_IRQHandler
                0x0000000008001350                TIM1_TRG_COM_TIM17_IRQHandler
                0x0000000008001350                DMA1_Channel3_IRQHandler
                0x0000000008001350                COMP_IRQHandler
                0x0000000008001350                HASH_CRS_IRQHandler
                0x0000000008001350                WWDG_IRQHandler
                0x0000000008001350                I2C4_EV_IRQHandler
                0x0000000008001350                LPUART1_IRQHandler
                0x0000000008001350                DMA2_Channel6_IRQHandler
                0x0000000008001350                DMA2D_IRQHandler
                0x0000000008001350                EXTI1_IRQHandler
                0x0000000008001350                SDMMC2_IRQHandler
                0x0000000008001350                USART2_IRQHandler
                0x0000000008001350                DFSDM1_FLT0_IRQHandler
                0x0000000008001350                I2C2_ER_IRQHandler
                0x0000000008001350                DMA1_Channel2_IRQHandler
                0x0000000008001350                TIM8_BRK_IRQHandler
                0x0000000008001350                CAN1_SCE_IRQHandler
                0x0000000008001350                FLASH_IRQHandler
                0x0000000008001350                USART1_IRQHandler
                0x0000000008001350                OTG_FS_IRQHandler
                0x0000000008001350                SPI3_IRQHandler
                0x0000000008001350                I2C1_ER_IRQHandler
                0x0000000008001350                FMC_IRQHandler
                0x0000000008001350                LPTIM1_IRQHandler
                0x0000000008001350                DCMI_PSSI_IRQHandler
                0x0000000008001350                I2C4_ER_IRQHandler
                0x0000000008001350                SAI1_IRQHandler
                0x0000000008001350                DMA2_Channel3_IRQHandler
                0x0000000008001350                TIM1_BRK_TIM15_IRQHandler
 .text.HAL_Init
                0x0000000008001352       0x30 ./Drivers/STM32L4xx_HAL_Driver/Src/stm32l4xx_hal.o
                0x0000000008001352                HAL_Init
 *fill*         0x0000000008001382        0x2 
 .text.HAL_InitTick
                0x0000000008001384       0x78 ./Drivers/STM32L4xx_HAL_Driver/Src/stm32l4xx_hal.o
                0x0000000008001384                HAL_InitTick
 .text.HAL_IncTick
                0x00000000080013fc       0x28 ./Drivers/STM32L4xx_HAL_Driver/Src/stm32l4xx_hal.o
                0x00000000080013fc                HAL_IncTick
 .text.HAL_GetTick
                0x0000000008001424       0x18 ./Drivers/STM32L4xx_HAL_Driver/Src/stm32l4xx_hal.o
                0x0000000008001424                HAL_GetTick
 .text.HAL_Delay
                0x000000000800143c       0x48 ./Drivers/STM32L4xx_HAL_Driver/Src/stm32l4xx_hal.o
                0x000000000800143c                HAL_Delay
 .text.HAL_CAN_Init
                0x0000000008001484      0x1f6 ./Drivers/STM32L4xx_HAL_Driver/Src/stm32l4xx_hal_can.o
                0x0000000008001484                HAL_CAN_Init
 .text.HAL_CAN_ConfigFilter
                0x000000000800167a      0x194 ./Drivers/STM32L4xx_HAL_Driver/Src/stm32l4xx_hal_can.o
                0x000000000800167a                HAL_CAN_ConfigFilter
 .text.HAL_CAN_Start
                0x000000000800180e       0x88 ./Drivers/STM32L4xx_HAL_Driver/Src/stm32l4xx_hal_can.o
                0x000000000800180e                HAL_CAN_Start
 .text.HAL_CAN_AddTxMessage
                0x0000000008001896      0x1b6 ./Drivers/STM32L4xx_HAL_Driver/Src/stm32l4xx_hal_can.o
                0x0000000008001896                HAL_CAN_AddTxMessage
 .text.HAL_CAN_GetRxMessage
                0x0000000008001a4c      0x224 ./Drivers/STM32L4xx_HAL_Driver/Src/stm32l4xx_hal_can.o
                0x0000000008001a4c                HAL_CAN_GetRxMessage
 .text.HAL_CAN_ActivateNotification
                0x0000000008001c70       0x4c ./Drivers/STM32L4xx_HAL_Driver/Src/stm32l4xx_hal_can.o
                0x0000000008001c70                HAL_CAN_ActivateNotification
 .text.HAL_CAN_DeactivateNotification
                0x0000000008001cbc       0x4e ./Drivers/STM32L4xx_HAL_Driver/Src/stm32l4xx_hal_can.o
                0x0000000008001cbc                HAL_CAN_DeactivateNotification
 .text.HAL_CAN_IRQHandler
                0x0000000008001d0a      0x36e ./Drivers/STM32L4xx_HAL_Driver/Src/stm32l4xx_hal_can.o
                0x0000000008001d0a                HAL_CAN_IRQHandler
 .text.HAL_CAN_TxMailbox0CompleteCallback
                0x0000000008002078       0x14 ./Drivers/STM32L4xx_HAL_Driver/Src/stm32l4xx_hal_can.o
                0x0000000008002078                HAL_CAN_TxMailbox0CompleteCallback
 .text.HAL_CAN_TxMailbox1CompleteCallback
                0x000000000800208c       0x14 ./Drivers/STM32L4xx_HAL_Driver/Src/stm32l4xx_hal_can.o
                0x000000000800208c                HAL_CAN_TxMailbox1CompleteCallback
 .text.HAL_CAN_TxMailbox2CompleteCallback
                0x00000000080020a0       0x14 ./Drivers/STM32L4xx_HAL_Driver/Src/stm32l4xx_hal_can.o
                0x00000000080020a0                HAL_CAN_TxMailbox2CompleteCallback
 .text.HAL_CAN_TxMailbox0AbortCallback
                0x00000000080020b4       0x14 ./Drivers/STM32L4xx_HAL_Driver/Src/stm32l4xx_hal_can.o
                0x00000000080020b4                HAL_CAN_TxMailbox0AbortCallback
 .text.HAL_CAN_TxMailbox1AbortCallback
                0x00000000080020c8       0x14 ./Drivers/STM32L4xx_HAL_Driver/Src/stm32l4xx_hal_can.o
                0x00000000080020c8                HAL_CAN_TxMailbox1AbortCallback
 .text.HAL_CAN_TxMailbox2AbortCallback
                0x00000000080020dc       0x14 ./Drivers/STM32L4xx_HAL_Driver/Src/stm32l4xx_hal_can.o
                0x00000000080020dc                HAL_CAN_TxMailbox2AbortCallback
 .text.HAL_CAN_RxFifo0MsgPendingCallback
                0x00000000080020f0       0x14 ./Drivers/STM32L4xx_HAL_Driver/Src/stm32l4xx_hal_can.o
                0x00000000080020f0                HAL_CAN_RxFifo0MsgPendingCallback
 .text.HAL_CAN_RxFifo0FullCallback
                0x0000000008002104       0x14 ./Drivers/STM32L4xx_HAL_Driver/Src/stm32l4xx_hal_can.o
                0x0000000008002104                HAL_CAN_RxFifo0FullCallback
 .text.HAL_CAN_RxFifo1MsgPendingCallback
                0x0000000008002118       0x14 ./Drivers/STM32L4xx_HAL_Driver/Src/stm32l4xx_hal_can.o
                0x0000000008002118                HAL_CAN_RxFifo1MsgPendingCallback
 .text.HAL_CAN_RxFifo1FullCallback
                0x000000000800212c       0x14 ./Drivers/STM32L4xx_HAL_Driver/Src/stm32l4xx_hal_can.o
                0x000000000800212c                HAL_CAN_RxFifo1FullCallback
 .text.HAL_CAN_SleepCallback
                0x0000000008002140       0x14 ./Drivers/STM32L4xx_HAL_Driver/Src/stm32l4xx_hal_can.o
                0x0000000008002140                HAL_CAN_SleepCallback
 .text.HAL_CAN_WakeUpFromRxMsgCallback
                0x0000000008002154       0x14 ./Drivers/STM32L4xx_HAL_Driver/Src/stm32l4xx_hal_can.o
                0x0000000008002154                HAL_CAN_WakeUpFromRxMsgCallback
 .text.HAL_CAN_ErrorCallback
                0x0000000008002168       0x14 ./Drivers/STM32L4xx_HAL_Driver/Src/stm32l4xx_hal_can.o
                0x0000000008002168                HAL_CAN_ErrorCallback
 .text.__NVIC_SetPriorityGrouping
                0x000000000800217c       0x48 ./Drivers/STM32L4xx_HAL_Driver/Src/stm32l4xx_hal_cortex.o
 .text.__NVIC_GetPriorityGrouping
                0x00000000080021c4       0x1c ./Drivers/STM32L4xx_HAL_Driver/Src/stm32l4xx_hal_cortex.o
 .text.__NVIC_EnableIRQ
                0x00000000080021e0       0x3c ./Drivers/STM32L4xx_HAL_Driver/Src/stm32l4xx_hal_cortex.o
 .text.__NVIC_SetPriority
                0x000000000800221c       0x54 ./Drivers/STM32L4xx_HAL_Driver/Src/stm32l4xx_hal_cortex.o
 .text.NVIC_EncodePriority
                0x0000000008002270       0x66 ./Drivers/STM32L4xx_HAL_Driver/Src/stm32l4xx_hal_cortex.o
 *fill*         0x00000000080022d6        0x2 
 .text.SysTick_Config
                0x00000000080022d8       0x44 ./Drivers/STM32L4xx_HAL_Driver/Src/stm32l4xx_hal_cortex.o
 .text.HAL_NVIC_SetPriorityGrouping
                0x000000000800231c       0x16 ./Drivers/STM32L4xx_HAL_Driver/Src/stm32l4xx_hal_cortex.o
                0x000000000800231c                HAL_NVIC_SetPriorityGrouping
 .text.HAL_NVIC_SetPriority
                0x0000000008002332       0x38 ./Drivers/STM32L4xx_HAL_Driver/Src/stm32l4xx_hal_cortex.o
                0x0000000008002332                HAL_NVIC_SetPriority
 .text.HAL_NVIC_EnableIRQ
                0x000000000800236a       0x1c ./Drivers/STM32L4xx_HAL_Driver/Src/stm32l4xx_hal_cortex.o
                0x000000000800236a                HAL_NVIC_EnableIRQ
 .text.HAL_SYSTICK_Config
                0x0000000008002386       0x18 ./Drivers/STM32L4xx_HAL_Driver/Src/stm32l4xx_hal_cortex.o
                0x0000000008002386                HAL_SYSTICK_Config
 *fill*         0x000000000800239e        0x2 
 .text.HAL_GPIO_Init
                0x00000000080023a0      0x324 ./Drivers/STM32L4xx_HAL_Driver/Src/stm32l4xx_hal_gpio.o
                0x00000000080023a0                HAL_GPIO_Init
 .text.HAL_GPIO_WritePin
                0x00000000080026c4       0x30 ./Drivers/STM32L4xx_HAL_Driver/Src/stm32l4xx_hal_gpio.o
                0x00000000080026c4                HAL_GPIO_WritePin
 .text.HAL_PWREx_GetVoltageRange
                0x00000000080026f4       0x40 ./Drivers/STM32L4xx_HAL_Driver/Src/stm32l4xx_hal_pwr_ex.o
                0x00000000080026f4                HAL_PWREx_GetVoltageRange
 .text.HAL_PWREx_ControlVoltageScaling
                0x0000000008002734      0x148 ./Drivers/STM32L4xx_HAL_Driver/Src/stm32l4xx_hal_pwr_ex.o
                0x0000000008002734                HAL_PWREx_ControlVoltageScaling
 .text.HAL_RCC_OscConfig
                0x000000000800287c      0x910 ./Drivers/STM32L4xx_HAL_Driver/Src/stm32l4xx_hal_rcc.o
                0x000000000800287c                HAL_RCC_OscConfig
 .text.HAL_RCC_ClockConfig
                0x000000000800318c      0x258 ./Drivers/STM32L4xx_HAL_Driver/Src/stm32l4xx_hal_rcc.o
                0x000000000800318c                HAL_RCC_ClockConfig
 .text.HAL_RCC_GetSysClockFreq
                0x00000000080033e4      0x118 ./Drivers/STM32L4xx_HAL_Driver/Src/stm32l4xx_hal_rcc.o
                0x00000000080033e4                HAL_RCC_GetSysClockFreq
 .text.RCC_SetFlashLatencyFromMSIRange
                0x00000000080034fc       0xb4 ./Drivers/STM32L4xx_HAL_Driver/Src/stm32l4xx_hal_rcc.o
 .text.RCC_GetSysClockFreqFromPLLSource
                0x00000000080035b0       0xd0 ./Drivers/STM32L4xx_HAL_Driver/Src/stm32l4xx_hal_rcc.o
 .text.HAL_SPI_Init
                0x0000000008003680      0x146 ./Drivers/STM32L4xx_HAL_Driver/Src/stm32l4xx_hal_spi.o
                0x0000000008003680                HAL_SPI_Init
 .text.HAL_SPI_Transmit
                0x00000000080037c6      0x2dc ./Drivers/STM32L4xx_HAL_Driver/Src/stm32l4xx_hal_spi.o
                0x00000000080037c6                HAL_SPI_Transmit
 .text.HAL_SPI_Receive
                0x0000000008003aa2      0x260 ./Drivers/STM32L4xx_HAL_Driver/Src/stm32l4xx_hal_spi.o
                0x0000000008003aa2                HAL_SPI_Receive
 .text.HAL_SPI_TransmitReceive
                0x0000000008003d02      0x426 ./Drivers/STM32L4xx_HAL_Driver/Src/stm32l4xx_hal_spi.o
                0x0000000008003d02                HAL_SPI_TransmitReceive
 .text.SPI_WaitFlagStateUntilTimeout
                0x0000000008004128      0x110 ./Drivers/STM32L4xx_HAL_Driver/Src/stm32l4xx_hal_spi.o
 .text.SPI_WaitFifoStateUntilTimeout
                0x0000000008004238      0x12c ./Drivers/STM32L4xx_HAL_Driver/Src/stm32l4xx_hal_spi.o
 .text.SPI_EndRxTransaction
                0x0000000008004364       0xb0 ./Drivers/STM32L4xx_HAL_Driver/Src/stm32l4xx_hal_spi.o
 .text.SPI_EndRxTxTransaction
                0x0000000008004414       0x8c ./Drivers/STM32L4xx_HAL_Driver/Src/stm32l4xx_hal_spi.o
 .text.HAL_TIM_Base_Init
                0x00000000080044a0       0xae ./Drivers/STM32L4xx_HAL_Driver/Src/stm32l4xx_hal_tim.o
                0x00000000080044a0                HAL_TIM_Base_Init
 *fill*         0x000000000800454e        0x2 
 .text.HAL_TIM_Base_Start
                0x0000000008004550       0xd0 ./Drivers/STM32L4xx_HAL_Driver/Src/stm32l4xx_hal_tim.o
                0x0000000008004550                HAL_TIM_Base_Start
 .text.HAL_TIM_Base_Stop
                0x0000000008004620       0x4e ./Drivers/STM32L4xx_HAL_Driver/Src/stm32l4xx_hal_tim.o
                0x0000000008004620                HAL_TIM_Base_Stop
 .text.HAL_TIM_IRQHandler
                0x000000000800466e      0x23e ./Drivers/STM32L4xx_HAL_Driver/Src/stm32l4xx_hal_tim.o
                0x000000000800466e                HAL_TIM_IRQHandler
 .text.HAL_TIM_ConfigClockSource
                0x00000000080048ac      0x192 ./Drivers/STM32L4xx_HAL_Driver/Src/stm32l4xx_hal_tim.o
                0x00000000080048ac                HAL_TIM_ConfigClockSource
 .text.HAL_TIM_PeriodElapsedCallback
                0x0000000008004a3e       0x14 ./Drivers/STM32L4xx_HAL_Driver/Src/stm32l4xx_hal_tim.o
                0x0000000008004a3e                HAL_TIM_PeriodElapsedCallback
 .text.HAL_TIM_OC_DelayElapsedCallback
                0x0000000008004a52       0x14 ./Drivers/STM32L4xx_HAL_Driver/Src/stm32l4xx_hal_tim.o
                0x0000000008004a52                HAL_TIM_OC_DelayElapsedCallback
 .text.HAL_TIM_IC_CaptureCallback
                0x0000000008004a66       0x14 ./Drivers/STM32L4xx_HAL_Driver/Src/stm32l4xx_hal_tim.o
                0x0000000008004a66                HAL_TIM_IC_CaptureCallback
 .text.HAL_TIM_PWM_PulseFinishedCallback
                0x0000000008004a7a       0x14 ./Drivers/STM32L4xx_HAL_Driver/Src/stm32l4xx_hal_tim.o
                0x0000000008004a7a                HAL_TIM_PWM_PulseFinishedCallback
 .text.HAL_TIM_TriggerCallback
                0x0000000008004a8e       0x14 ./Drivers/STM32L4xx_HAL_Driver/Src/stm32l4xx_hal_tim.o
                0x0000000008004a8e                HAL_TIM_TriggerCallback
 *fill*         0x0000000008004aa2        0x2 
 .text.TIM_Base_SetConfig
                0x0000000008004aa4      0x134 ./Drivers/STM32L4xx_HAL_Driver/Src/stm32l4xx_hal_tim.o
                0x0000000008004aa4                TIM_Base_SetConfig
 .text.TIM_TI1_ConfigInputStage
                0x0000000008004bd8       0x5e ./Drivers/STM32L4xx_HAL_Driver/Src/stm32l4xx_hal_tim.o
 .text.TIM_TI2_ConfigInputStage
                0x0000000008004c36       0x60 ./Drivers/STM32L4xx_HAL_Driver/Src/stm32l4xx_hal_tim.o
 .text.TIM_ITRx_SetConfig
                0x0000000008004c96       0x36 ./Drivers/STM32L4xx_HAL_Driver/Src/stm32l4xx_hal_tim.o
 .text.TIM_ETR_SetConfig
                0x0000000008004ccc       0x40 ./Drivers/STM32L4xx_HAL_Driver/Src/stm32l4xx_hal_tim.o
                0x0000000008004ccc                TIM_ETR_SetConfig
 .text.HAL_TIMEx_MasterConfigSynchronization
                0x0000000008004d0c      0x110 ./Drivers/STM32L4xx_HAL_Driver/Src/stm32l4xx_hal_tim_ex.o
                0x0000000008004d0c                HAL_TIMEx_MasterConfigSynchronization
 .text.HAL_TIMEx_CommutCallback
                0x0000000008004e1c       0x14 ./Drivers/STM32L4xx_HAL_Driver/Src/stm32l4xx_hal_tim_ex.o
                0x0000000008004e1c                HAL_TIMEx_CommutCallback
 .text.HAL_TIMEx_BreakCallback
                0x0000000008004e30       0x14 ./Drivers/STM32L4xx_HAL_Driver/Src/stm32l4xx_hal_tim_ex.o
                0x0000000008004e30                HAL_TIMEx_BreakCallback
 .text.HAL_TIMEx_Break2Callback
                0x0000000008004e44       0x14 ./Drivers/STM32L4xx_HAL_Driver/Src/stm32l4xx_hal_tim_ex.o
                0x0000000008004e44                HAL_TIMEx_Break2Callback
 .text._Znwj    0x0000000008004e58       0x22 c:/st/stm32cubeide_1.7.0/stm32cubeide/plugins/com.st.stm32cube.ide.mcu.externaltools.gnu-tools-for-stm32.9-2020-q2-update.win32_2.0.0.202105311346/tools/bin/../lib/gcc/arm-none-eabi/9.3.1/../../../../arm-none-eabi/lib/thumb/v7e-m+fp/hard\libstdc++_nano.a(new_op.o)
                0x0000000008004e58                operator new(unsigned int)
 *fill*         0x0000000008004e7a        0x2 
 .text._ZSt15get_new_handlerv
                0x0000000008004e7c       0x10 c:/st/stm32cubeide_1.7.0/stm32cubeide/plugins/com.st.stm32cube.ide.mcu.externaltools.gnu-tools-for-stm32.9-2020-q2-update.win32_2.0.0.202105311346/tools/bin/../lib/gcc/arm-none-eabi/9.3.1/../../../../arm-none-eabi/lib/thumb/v7e-m+fp/hard\libstdc++_nano.a(new_handler.o)
                0x0000000008004e7c                std::get_new_handler()
 .text.abort    0x0000000008004e8c        0xe c:/st/stm32cubeide_1.7.0/stm32cubeide/plugins/com.st.stm32cube.ide.mcu.externaltools.gnu-tools-for-stm32.9-2020-q2-update.win32_2.0.0.202105311346/tools/bin/../lib/gcc/arm-none-eabi/9.3.1/../../../../arm-none-eabi/lib/thumb/v7e-m+fp/hard\libc_nano.a(lib_a-abort.o)
                0x0000000008004e8c                abort
 *fill*         0x0000000008004e9a        0x2 
 .text.__errno  0x0000000008004e9c        0xc c:/st/stm32cubeide_1.7.0/stm32cubeide/plugins/com.st.stm32cube.ide.mcu.externaltools.gnu-tools-for-stm32.9-2020-q2-update.win32_2.0.0.202105311346/tools/bin/../lib/gcc/arm-none-eabi/9.3.1/../../../../arm-none-eabi/lib/thumb/v7e-m+fp/hard\libc_nano.a(lib_a-errno.o)
                0x0000000008004e9c                __errno
 .text.__libc_init_array
                0x0000000008004ea8       0x48 c:/st/stm32cubeide_1.7.0/stm32cubeide/plugins/com.st.stm32cube.ide.mcu.externaltools.gnu-tools-for-stm32.9-2020-q2-update.win32_2.0.0.202105311346/tools/bin/../lib/gcc/arm-none-eabi/9.3.1/../../../../arm-none-eabi/lib/thumb/v7e-m+fp/hard\libc_nano.a(lib_a-init.o)
                0x0000000008004ea8                __libc_init_array
 .text.malloc   0x0000000008004ef0       0x10 c:/st/stm32cubeide_1.7.0/stm32cubeide/plugins/com.st.stm32cube.ide.mcu.externaltools.gnu-tools-for-stm32.9-2020-q2-update.win32_2.0.0.202105311346/tools/bin/../lib/gcc/arm-none-eabi/9.3.1/../../../../arm-none-eabi/lib/thumb/v7e-m+fp/hard\libc_nano.a(lib_a-malloc.o)
                0x0000000008004ef0                malloc
 .text.memset   0x0000000008004f00       0x10 c:/st/stm32cubeide_1.7.0/stm32cubeide/plugins/com.st.stm32cube.ide.mcu.externaltools.gnu-tools-for-stm32.9-2020-q2-update.win32_2.0.0.202105311346/tools/bin/../lib/gcc/arm-none-eabi/9.3.1/../../../../arm-none-eabi/lib/thumb/v7e-m+fp/hard\libc_nano.a(lib_a-memset.o)
                0x0000000008004f00                memset
 .text._malloc_r
                0x0000000008004f10       0xb4 c:/st/stm32cubeide_1.7.0/stm32cubeide/plugins/com.st.stm32cube.ide.mcu.externaltools.gnu-tools-for-stm32.9-2020-q2-update.win32_2.0.0.202105311346/tools/bin/../lib/gcc/arm-none-eabi/9.3.1/../../../../arm-none-eabi/lib/thumb/v7e-m+fp/hard\libc_nano.a(lib_a-nano-mallocr.o)
                0x0000000008004f10                _malloc_r
 .text._sbrk_r  0x0000000008004fc4       0x20 c:/st/stm32cubeide_1.7.0/stm32cubeide/plugins/com.st.stm32cube.ide.mcu.externaltools.gnu-tools-for-stm32.9-2020-q2-update.win32_2.0.0.202105311346/tools/bin/../lib/gcc/arm-none-eabi/9.3.1/../../../../arm-none-eabi/lib/thumb/v7e-m+fp/hard\libc_nano.a(lib_a-sbrkr.o)
                0x0000000008004fc4                _sbrk_r
 .text._raise_r
                0x0000000008004fe4       0x50 c:/st/stm32cubeide_1.7.0/stm32cubeide/plugins/com.st.stm32cube.ide.mcu.externaltools.gnu-tools-for-stm32.9-2020-q2-update.win32_2.0.0.202105311346/tools/bin/../lib/gcc/arm-none-eabi/9.3.1/../../../../arm-none-eabi/lib/thumb/v7e-m+fp/hard\libc_nano.a(lib_a-signal.o)
                0x0000000008004fe4                _raise_r
 .text.raise    0x0000000008005034       0x10 c:/st/stm32cubeide_1.7.0/stm32cubeide/plugins/com.st.stm32cube.ide.mcu.externaltools.gnu-tools-for-stm32.9-2020-q2-update.win32_2.0.0.202105311346/tools/bin/../lib/gcc/arm-none-eabi/9.3.1/../../../../arm-none-eabi/lib/thumb/v7e-m+fp/hard\libc_nano.a(lib_a-signal.o)
                0x0000000008005034                raise
 .text._kill_r  0x0000000008005044       0x24 c:/st/stm32cubeide_1.7.0/stm32cubeide/plugins/com.st.stm32cube.ide.mcu.externaltools.gnu-tools-for-stm32.9-2020-q2-update.win32_2.0.0.202105311346/tools/bin/../lib/gcc/arm-none-eabi/9.3.1/../../../../arm-none-eabi/lib/thumb/v7e-m+fp/hard\libc_nano.a(lib_a-signalr.o)
                0x0000000008005044                _kill_r
 .text._getpid_r
                0x0000000008005068        0x4 c:/st/stm32cubeide_1.7.0/stm32cubeide/plugins/com.st.stm32cube.ide.mcu.externaltools.gnu-tools-for-stm32.9-2020-q2-update.win32_2.0.0.202105311346/tools/bin/../lib/gcc/arm-none-eabi/9.3.1/../../../../arm-none-eabi/lib/thumb/v7e-m+fp/hard\libc_nano.a(lib_a-signalr.o)
                0x0000000008005068                _getpid_r
 .text.__malloc_lock
                0x000000000800506c        0xc c:/st/stm32cubeide_1.7.0/stm32cubeide/plugins/com.st.stm32cube.ide.mcu.externaltools.gnu-tools-for-stm32.9-2020-q2-update.win32_2.0.0.202105311346/tools/bin/../lib/gcc/arm-none-eabi/9.3.1/../../../../arm-none-eabi/lib/thumb/v7e-m+fp/hard\libc_nano.a(lib_a-mlock.o)
                0x000000000800506c                __malloc_lock
 .text.__malloc_unlock
                0x0000000008005078        0xc c:/st/stm32cubeide_1.7.0/stm32cubeide/plugins/com.st.stm32cube.ide.mcu.externaltools.gnu-tools-for-stm32.9-2020-q2-update.win32_2.0.0.202105311346/tools/bin/../lib/gcc/arm-none-eabi/9.3.1/../../../../arm-none-eabi/lib/thumb/v7e-m+fp/hard\libc_nano.a(lib_a-mlock.o)
                0x0000000008005078                __malloc_unlock
 .text.__retarget_lock_acquire_recursive
                0x0000000008005084        0x2 c:/st/stm32cubeide_1.7.0/stm32cubeide/plugins/com.st.stm32cube.ide.mcu.externaltools.gnu-tools-for-stm32.9-2020-q2-update.win32_2.0.0.202105311346/tools/bin/../lib/gcc/arm-none-eabi/9.3.1/../../../../arm-none-eabi/lib/thumb/v7e-m+fp/hard\libc_nano.a(lib_a-lock.o)
                0x0000000008005084                __retarget_lock_acquire_recursive
 .text.__retarget_lock_release_recursive
                0x0000000008005086        0x2 c:/st/stm32cubeide_1.7.0/stm32cubeide/plugins/com.st.stm32cube.ide.mcu.externaltools.gnu-tools-for-stm32.9-2020-q2-update.win32_2.0.0.202105311346/tools/bin/../lib/gcc/arm-none-eabi/9.3.1/../../../../arm-none-eabi/lib/thumb/v7e-m+fp/hard\libc_nano.a(lib_a-lock.o)
                0x0000000008005086                __retarget_lock_release_recursive
 *(.glue_7)
 .glue_7        0x0000000008005088        0x0 linker stubs
 *(.glue_7t)
 .glue_7t       0x0000000008005088        0x0 linker stubs
 *(.eh_frame)
 .eh_frame      0x0000000008005088        0x0 c:/st/stm32cubeide_1.7.0/stm32cubeide/plugins/com.st.stm32cube.ide.mcu.externaltools.gnu-tools-for-stm32.9-2020-q2-update.win32_2.0.0.202105311346/tools/bin/../lib/gcc/arm-none-eabi/9.3.1/thumb/v7e-m+fp/hard/crtbegin.o
 *(.init)
 .init          0x0000000008005088        0x4 c:/st/stm32cubeide_1.7.0/stm32cubeide/plugins/com.st.stm32cube.ide.mcu.externaltools.gnu-tools-for-stm32.9-2020-q2-update.win32_2.0.0.202105311346/tools/bin/../lib/gcc/arm-none-eabi/9.3.1/thumb/v7e-m+fp/hard/crti.o
                0x0000000008005088                _init
 .init          0x000000000800508c        0x8 c:/st/stm32cubeide_1.7.0/stm32cubeide/plugins/com.st.stm32cube.ide.mcu.externaltools.gnu-tools-for-stm32.9-2020-q2-update.win32_2.0.0.202105311346/tools/bin/../lib/gcc/arm-none-eabi/9.3.1/thumb/v7e-m+fp/hard/crtn.o
 *(.fini)
 .fini          0x0000000008005094        0x4 c:/st/stm32cubeide_1.7.0/stm32cubeide/plugins/com.st.stm32cube.ide.mcu.externaltools.gnu-tools-for-stm32.9-2020-q2-update.win32_2.0.0.202105311346/tools/bin/../lib/gcc/arm-none-eabi/9.3.1/thumb/v7e-m+fp/hard/crti.o
                0x0000000008005094                _fini
 .fini          0x0000000008005098        0x8 c:/st/stm32cubeide_1.7.0/stm32cubeide/plugins/com.st.stm32cube.ide.mcu.externaltools.gnu-tools-for-stm32.9-2020-q2-update.win32_2.0.0.202105311346/tools/bin/../lib/gcc/arm-none-eabi/9.3.1/thumb/v7e-m+fp/hard/crtn.o
                0x00000000080050a0                . = ALIGN (0x4)
                0x00000000080050a0                _etext = .

.vfp11_veneer   0x00000000080050a0        0x0
 .vfp11_veneer  0x00000000080050a0        0x0 linker stubs

.v4_bx          0x00000000080050a0        0x0
 .v4_bx         0x00000000080050a0        0x0 linker stubs

.iplt           0x00000000080050a0        0x0
 .iplt          0x00000000080050a0        0x0 c:/st/stm32cubeide_1.7.0/stm32cubeide/plugins/com.st.stm32cube.ide.mcu.externaltools.gnu-tools-for-stm32.9-2020-q2-update.win32_2.0.0.202105311346/tools/bin/../lib/gcc/arm-none-eabi/9.3.1/thumb/v7e-m+fp/hard/crtbegin.o

.rodata         0x00000000080050a0       0x50
                0x00000000080050a0                . = ALIGN (0x4)
 *(.rodata)
 .rodata        0x00000000080050a0        0xd ./Core/Src/Radio_Control.o
 *(.rodata*)
 *fill*         0x00000000080050ad        0x3 
 .rodata.AHBPrescTable
                0x00000000080050b0       0x10 ./Core/Src/system_stm32l4xx.o
                0x00000000080050b0                AHBPrescTable
 .rodata.MSIRangeTable
                0x00000000080050c0       0x30 ./Core/Src/system_stm32l4xx.o
                0x00000000080050c0                MSIRangeTable
                0x00000000080050f0                . = ALIGN (0x4)

.rel.dyn        0x00000000080050f0        0x0
 .rel.iplt      0x00000000080050f0        0x0 c:/st/stm32cubeide_1.7.0/stm32cubeide/plugins/com.st.stm32cube.ide.mcu.externaltools.gnu-tools-for-stm32.9-2020-q2-update.win32_2.0.0.202105311346/tools/bin/../lib/gcc/arm-none-eabi/9.3.1/thumb/v7e-m+fp/hard/crtbegin.o

.ARM.extab      0x00000000080050f0        0x0
                0x00000000080050f0                . = ALIGN (0x4)
 *(.ARM.extab* .gnu.linkonce.armextab.*)
                0x00000000080050f0                . = ALIGN (0x4)

.ARM            0x00000000080050f0        0x0
                0x00000000080050f0                . = ALIGN (0x4)
                0x00000000080050f0                __exidx_start = .
 *(.ARM.exidx*)
                0x00000000080050f0                __exidx_end = .
                0x00000000080050f0                . = ALIGN (0x4)

.preinit_array  0x00000000080050f0        0x0
                0x00000000080050f0                . = ALIGN (0x4)
                0x00000000080050f0                PROVIDE (__preinit_array_start = .)
 *(.preinit_array*)
                0x00000000080050f0                PROVIDE (__preinit_array_end = .)
                0x00000000080050f0                . = ALIGN (0x4)

.init_array     0x00000000080050f0        0x4
                0x00000000080050f0                . = ALIGN (0x4)
                0x00000000080050f0                PROVIDE (__init_array_start = .)
 *(SORT_BY_NAME(.init_array.*))
 *(.init_array*)
 .init_array    0x00000000080050f0        0x4 c:/st/stm32cubeide_1.7.0/stm32cubeide/plugins/com.st.stm32cube.ide.mcu.externaltools.gnu-tools-for-stm32.9-2020-q2-update.win32_2.0.0.202105311346/tools/bin/../lib/gcc/arm-none-eabi/9.3.1/thumb/v7e-m+fp/hard/crtbegin.o
                0x00000000080050f4                PROVIDE (__init_array_end = .)
                0x00000000080050f4                . = ALIGN (0x4)

.fini_array     0x00000000080050f4        0x4
                0x00000000080050f4                . = ALIGN (0x4)
                [!provide]                        PROVIDE (__fini_array_start = .)
 *(SORT_BY_NAME(.fini_array.*))
 *(.fini_array*)
 .fini_array    0x00000000080050f4        0x4 c:/st/stm32cubeide_1.7.0/stm32cubeide/plugins/com.st.stm32cube.ide.mcu.externaltools.gnu-tools-for-stm32.9-2020-q2-update.win32_2.0.0.202105311346/tools/bin/../lib/gcc/arm-none-eabi/9.3.1/thumb/v7e-m+fp/hard/crtbegin.o
                [!provide]                        PROVIDE (__fini_array_end = .)
                0x00000000080050f8                . = ALIGN (0x4)
                0x00000000080050f8                _sidata = LOADADDR (.data)

.data           0x0000000020000000       0x80 load address 0x00000000080050f8
                0x0000000020000000                . = ALIGN (0x4)
                0x0000000020000000                _sdata = .
 *(.data)
 *(.data*)
 .data.TxAddress
                0x0000000020000000        0x5 ./Core/Src/Radio_Control.o
                0x0000000020000000                TxAddress
 *fill*         0x0000000020000005        0x3 
 .data.TestData
                0x0000000020000008        0x8 ./Core/Src/main.o
                0x0000000020000008                TestData
 .data.SystemCoreClock
                0x0000000020000010        0x4 ./Core/Src/system_stm32l4xx.o
                0x0000000020000010                SystemCoreClock
 .data.uwTickPrio
                0x0000000020000014        0x4 ./Drivers/STM32L4xx_HAL_Driver/Src/stm32l4xx_hal.o
                0x0000000020000014                uwTickPrio
 .data.uwTickFreq
                0x0000000020000018        0x1 ./Drivers/STM32L4xx_HAL_Driver/Src/stm32l4xx_hal.o
                0x0000000020000018                uwTickFreq
 *fill*         0x0000000020000019        0x3 
 .data._impure_ptr
                0x000000002000001c        0x4 c:/st/stm32cubeide_1.7.0/stm32cubeide/plugins/com.st.stm32cube.ide.mcu.externaltools.gnu-tools-for-stm32.9-2020-q2-update.win32_2.0.0.202105311346/tools/bin/../lib/gcc/arm-none-eabi/9.3.1/../../../../arm-none-eabi/lib/thumb/v7e-m+fp/hard\libc_nano.a(lib_a-impure.o)
                0x000000002000001c                _impure_ptr
 .data.impure_data
                0x0000000020000020       0x60 c:/st/stm32cubeide_1.7.0/stm32cubeide/plugins/com.st.stm32cube.ide.mcu.externaltools.gnu-tools-for-stm32.9-2020-q2-update.win32_2.0.0.202105311346/tools/bin/../lib/gcc/arm-none-eabi/9.3.1/../../../../arm-none-eabi/lib/thumb/v7e-m+fp/hard\libc_nano.a(lib_a-impure.o)
 *(.RamFunc)
 *(.RamFunc*)
                0x0000000020000080                . = ALIGN (0x4)
                0x0000000020000080                _edata = .

.igot.plt       0x0000000020000080        0x0 load address 0x0000000008005178
 .igot.plt      0x0000000020000080        0x0 c:/st/stm32cubeide_1.7.0/stm32cubeide/plugins/com.st.stm32cube.ide.mcu.externaltools.gnu-tools-for-stm32.9-2020-q2-update.win32_2.0.0.202105311346/tools/bin/../lib/gcc/arm-none-eabi/9.3.1/thumb/v7e-m+fp/hard/crtbegin.o
                0x0000000020000080                . = ALIGN (0x4)

.bss            0x0000000020000080      0x194 load address 0x0000000008005178
                0x0000000020000080                _sbss = .
                0x0000000020000080                __bss_start__ = _sbss
 *(.bss)
 .bss           0x0000000020000080       0x1c c:/st/stm32cubeide_1.7.0/stm32cubeide/plugins/com.st.stm32cube.ide.mcu.externaltools.gnu-tools-for-stm32.9-2020-q2-update.win32_2.0.0.202105311346/tools/bin/../lib/gcc/arm-none-eabi/9.3.1/thumb/v7e-m+fp/hard/crtbegin.o
 *(.bss*)
 .bss.parsing_array
                0x000000002000009c       0x28 ./Core/Src/Build_Packet.o
                0x000000002000009c                parsing_array
 .bss.ToggleFilterConfig
                0x00000000200000c4       0x28 ./Core/Src/Can_Send_Receive.o
                0x00000000200000c4                ToggleFilterConfig
 .bss.DataFilterConfig
                0x00000000200000ec       0x28 ./Core/Src/Can_Send_Receive.o
                0x00000000200000ec                DataFilterConfig
 .bss.hcan1     0x0000000020000114       0x28 ./Core/Src/main.o
                0x0000000020000114                hcan1
 .bss.hspi1     0x000000002000013c       0x64 ./Core/Src/main.o
                0x000000002000013c                hspi1
 .bss.htim2     0x00000000200001a0       0x4c ./Core/Src/main.o
                0x00000000200001a0                htim2
 .bss.Can_Interrupt_flag
                0x00000000200001ec        0x1 ./Core/Src/main.o
                0x00000000200001ec                Can_Interrupt_flag
 .bss.TIM_IRQ_Mode_flag
                0x00000000200001ed        0x1 ./Core/Src/main.o
                0x00000000200001ed                TIM_IRQ_Mode_flag
 *fill*         0x00000000200001ee        0x2 
 .bss.__sbrk_heap_end
                0x00000000200001f0        0x4 ./Core/Src/sysmem.o
 .bss._ZN12_GLOBAL__N_113__new_handlerE
                0x00000000200001f4        0x4 c:/st/stm32cubeide_1.7.0/stm32cubeide/plugins/com.st.stm32cube.ide.mcu.externaltools.gnu-tools-for-stm32.9-2020-q2-update.win32_2.0.0.202105311346/tools/bin/../lib/gcc/arm-none-eabi/9.3.1/../../../../arm-none-eabi/lib/thumb/v7e-m+fp/hard\libstdc++_nano.a(new_handler.o)
 .bss.__malloc_free_list
                0x00000000200001f8        0x4 c:/st/stm32cubeide_1.7.0/stm32cubeide/plugins/com.st.stm32cube.ide.mcu.externaltools.gnu-tools-for-stm32.9-2020-q2-update.win32_2.0.0.202105311346/tools/bin/../lib/gcc/arm-none-eabi/9.3.1/../../../../arm-none-eabi/lib/thumb/v7e-m+fp/hard\libc_nano.a(lib_a-nano-mallocr.o)
                0x00000000200001f8                __malloc_free_list
 .bss.__malloc_sbrk_start
                0x00000000200001fc        0x4 c:/st/stm32cubeide_1.7.0/stm32cubeide/plugins/com.st.stm32cube.ide.mcu.externaltools.gnu-tools-for-stm32.9-2020-q2-update.win32_2.0.0.202105311346/tools/bin/../lib/gcc/arm-none-eabi/9.3.1/../../../../arm-none-eabi/lib/thumb/v7e-m+fp/hard\libc_nano.a(lib_a-nano-mallocr.o)
                0x00000000200001fc                __malloc_sbrk_start
 *(COMMON)
 COMMON         0x0000000020000200        0x4 ./Drivers/STM32L4xx_HAL_Driver/Src/stm32l4xx_hal.o
                0x0000000020000200                uwTick
 COMMON         0x0000000020000204        0x4 c:/st/stm32cubeide_1.7.0/stm32cubeide/plugins/com.st.stm32cube.ide.mcu.externaltools.gnu-tools-for-stm32.9-2020-q2-update.win32_2.0.0.202105311346/tools/bin/../lib/gcc/arm-none-eabi/9.3.1/../../../../arm-none-eabi/lib/thumb/v7e-m+fp/hard\libc_nano.a(lib_a-reent.o)
                0x0000000020000204                errno
 COMMON         0x0000000020000208        0x9 c:/st/stm32cubeide_1.7.0/stm32cubeide/plugins/com.st.stm32cube.ide.mcu.externaltools.gnu-tools-for-stm32.9-2020-q2-update.win32_2.0.0.202105311346/tools/bin/../lib/gcc/arm-none-eabi/9.3.1/../../../../arm-none-eabi/lib/thumb/v7e-m+fp/hard\libc_nano.a(lib_a-lock.o)
                0x0000000020000208                __lock___atexit_recursive_mutex
                0x0000000020000209                __lock___arc4random_mutex
                0x000000002000020a                __lock___env_recursive_mutex
                0x000000002000020b                __lock___sinit_recursive_mutex
                0x000000002000020c                __lock___malloc_recursive_mutex
                0x000000002000020d                __lock___at_quick_exit_mutex
                0x000000002000020e                __lock___dd_hash_mutex
                0x000000002000020f                __lock___tz_mutex
                0x0000000020000210                __lock___sfp_recursive_mutex
                0x0000000020000214                . = ALIGN (0x4)
 *fill*         0x0000000020000211        0x3 
                0x0000000020000214                _ebss = .
                0x0000000020000214                __bss_end__ = _ebss

._user_heap_stack
                0x0000000020000214      0x604 load address 0x0000000008005178
                0x0000000020000218                . = ALIGN (0x8)
 *fill*         0x0000000020000214        0x4 
                [!provide]                        PROVIDE (end = .)
                0x0000000020000218                PROVIDE (_end = .)
                0x0000000020000418                . = (. + _Min_Heap_Size)
 *fill*         0x0000000020000218      0x200 
                0x0000000020000818                . = (. + _Min_Stack_Size)
 *fill*         0x0000000020000418      0x400 
                0x0000000020000818                . = ALIGN (0x8)

/DISCARD/
 libc.a(*)
 libm.a(*)
 libgcc.a(*)

.ARM.attributes
                0x0000000000000000       0x30
 *(.ARM.attributes)
 .ARM.attributes
                0x0000000000000000       0x1e c:/st/stm32cubeide_1.7.0/stm32cubeide/plugins/com.st.stm32cube.ide.mcu.externaltools.gnu-tools-for-stm32.9-2020-q2-update.win32_2.0.0.202105311346/tools/bin/../lib/gcc/arm-none-eabi/9.3.1/thumb/v7e-m+fp/hard/crti.o
 .ARM.attributes
                0x000000000000001e       0x34 c:/st/stm32cubeide_1.7.0/stm32cubeide/plugins/com.st.stm32cube.ide.mcu.externaltools.gnu-tools-for-stm32.9-2020-q2-update.win32_2.0.0.202105311346/tools/bin/../lib/gcc/arm-none-eabi/9.3.1/thumb/v7e-m+fp/hard/crtbegin.o
 .ARM.attributes
                0x0000000000000052       0x34 ./Core/Src/Build_Packet.o
 .ARM.attributes
                0x0000000000000086       0x34 ./Core/Src/Can_Send_Receive.o
 .ARM.attributes
                0x00000000000000ba       0x34 ./Core/Src/Radio_Control.o
 .ARM.attributes
                0x00000000000000ee       0x34 ./Core/Src/main.o
 .ARM.attributes
                0x0000000000000122       0x34 ./Core/Src/stm32l4xx_hal_msp.o
 .ARM.attributes
                0x0000000000000156       0x34 ./Core/Src/stm32l4xx_it.o
 .ARM.attributes
                0x000000000000018a       0x34 ./Core/Src/syscalls.o
 .ARM.attributes
                0x00000000000001be       0x34 ./Core/Src/sysmem.o
 .ARM.attributes
                0x00000000000001f2       0x34 ./Core/Src/system_stm32l4xx.o
 .ARM.attributes
                0x0000000000000226       0x21 ./Core/Startup/startup_stm32l4p5retx.o
 .ARM.attributes
                0x0000000000000247       0x34 ./Drivers/STM32L4xx_HAL_Driver/Src/stm32l4xx_hal.o
 .ARM.attributes
                0x000000000000027b       0x34 ./Drivers/STM32L4xx_HAL_Driver/Src/stm32l4xx_hal_can.o
 .ARM.attributes
                0x00000000000002af       0x34 ./Drivers/STM32L4xx_HAL_Driver/Src/stm32l4xx_hal_cortex.o
 .ARM.attributes
                0x00000000000002e3       0x34 ./Drivers/STM32L4xx_HAL_Driver/Src/stm32l4xx_hal_gpio.o
 .ARM.attributes
                0x0000000000000317       0x34 ./Drivers/STM32L4xx_HAL_Driver/Src/stm32l4xx_hal_pwr_ex.o
 .ARM.attributes
                0x000000000000034b       0x34 ./Drivers/STM32L4xx_HAL_Driver/Src/stm32l4xx_hal_rcc.o
 .ARM.attributes
                0x000000000000037f       0x34 ./Drivers/STM32L4xx_HAL_Driver/Src/stm32l4xx_hal_spi.o
 .ARM.attributes
                0x00000000000003b3       0x34 ./Drivers/STM32L4xx_HAL_Driver/Src/stm32l4xx_hal_tim.o
 .ARM.attributes
                0x00000000000003e7       0x34 ./Drivers/STM32L4xx_HAL_Driver/Src/stm32l4xx_hal_tim_ex.o
 .ARM.attributes
                0x000000000000041b       0x34 c:/st/stm32cubeide_1.7.0/stm32cubeide/plugins/com.st.stm32cube.ide.mcu.externaltools.gnu-tools-for-stm32.9-2020-q2-update.win32_2.0.0.202105311346/tools/bin/../lib/gcc/arm-none-eabi/9.3.1/../../../../arm-none-eabi/lib/thumb/v7e-m+fp/hard\libstdc++_nano.a(new_op.o)
 .ARM.attributes
                0x000000000000044f       0x34 c:/st/stm32cubeide_1.7.0/stm32cubeide/plugins/com.st.stm32cube.ide.mcu.externaltools.gnu-tools-for-stm32.9-2020-q2-update.win32_2.0.0.202105311346/tools/bin/../lib/gcc/arm-none-eabi/9.3.1/../../../../arm-none-eabi/lib/thumb/v7e-m+fp/hard\libstdc++_nano.a(new_handler.o)
 .ARM.attributes
                0x0000000000000483       0x34 c:/st/stm32cubeide_1.7.0/stm32cubeide/plugins/com.st.stm32cube.ide.mcu.externaltools.gnu-tools-for-stm32.9-2020-q2-update.win32_2.0.0.202105311346/tools/bin/../lib/gcc/arm-none-eabi/9.3.1/../../../../arm-none-eabi/lib/thumb/v7e-m+fp/hard\libc_nano.a(lib_a-abort.o)
 .ARM.attributes
                0x00000000000004b7       0x34 c:/st/stm32cubeide_1.7.0/stm32cubeide/plugins/com.st.stm32cube.ide.mcu.externaltools.gnu-tools-for-stm32.9-2020-q2-update.win32_2.0.0.202105311346/tools/bin/../lib/gcc/arm-none-eabi/9.3.1/../../../../arm-none-eabi/lib/thumb/v7e-m+fp/hard\libc_nano.a(lib_a-errno.o)
 .ARM.attributes
                0x00000000000004eb       0x32 c:/st/stm32cubeide_1.7.0/stm32cubeide/plugins/com.st.stm32cube.ide.mcu.externaltools.gnu-tools-for-stm32.9-2020-q2-update.win32_2.0.0.202105311346/tools/bin/../lib/gcc/arm-none-eabi/9.3.1/../../../../arm-none-eabi/lib/thumb/v7e-m+fp/hard\libc_nano.a(lib_a-impure.o)
 .ARM.attributes
                0x000000000000051d       0x34 c:/st/stm32cubeide_1.7.0/stm32cubeide/plugins/com.st.stm32cube.ide.mcu.externaltools.gnu-tools-for-stm32.9-2020-q2-update.win32_2.0.0.202105311346/tools/bin/../lib/gcc/arm-none-eabi/9.3.1/../../../../arm-none-eabi/lib/thumb/v7e-m+fp/hard\libc_nano.a(lib_a-init.o)
 .ARM.attributes
                0x0000000000000551       0x34 c:/st/stm32cubeide_1.7.0/stm32cubeide/plugins/com.st.stm32cube.ide.mcu.externaltools.gnu-tools-for-stm32.9-2020-q2-update.win32_2.0.0.202105311346/tools/bin/../lib/gcc/arm-none-eabi/9.3.1/../../../../arm-none-eabi/lib/thumb/v7e-m+fp/hard\libc_nano.a(lib_a-malloc.o)
 .ARM.attributes
                0x0000000000000585       0x34 c:/st/stm32cubeide_1.7.0/stm32cubeide/plugins/com.st.stm32cube.ide.mcu.externaltools.gnu-tools-for-stm32.9-2020-q2-update.win32_2.0.0.202105311346/tools/bin/../lib/gcc/arm-none-eabi/9.3.1/../../../../arm-none-eabi/lib/thumb/v7e-m+fp/hard\libc_nano.a(lib_a-memset.o)
 .ARM.attributes
                0x00000000000005b9       0x34 c:/st/stm32cubeide_1.7.0/stm32cubeide/plugins/com.st.stm32cube.ide.mcu.externaltools.gnu-tools-for-stm32.9-2020-q2-update.win32_2.0.0.202105311346/tools/bin/../lib/gcc/arm-none-eabi/9.3.1/../../../../arm-none-eabi/lib/thumb/v7e-m+fp/hard\libc_nano.a(lib_a-nano-mallocr.o)
 .ARM.attributes
                0x00000000000005ed       0x34 c:/st/stm32cubeide_1.7.0/stm32cubeide/plugins/com.st.stm32cube.ide.mcu.externaltools.gnu-tools-for-stm32.9-2020-q2-update.win32_2.0.0.202105311346/tools/bin/../lib/gcc/arm-none-eabi/9.3.1/../../../../arm-none-eabi/lib/thumb/v7e-m+fp/hard\libc_nano.a(lib_a-sbrkr.o)
 .ARM.attributes
                0x0000000000000621       0x34 c:/st/stm32cubeide_1.7.0/stm32cubeide/plugins/com.st.stm32cube.ide.mcu.externaltools.gnu-tools-for-stm32.9-2020-q2-update.win32_2.0.0.202105311346/tools/bin/../lib/gcc/arm-none-eabi/9.3.1/../../../../arm-none-eabi/lib/thumb/v7e-m+fp/hard\libc_nano.a(lib_a-signal.o)
 .ARM.attributes
                0x0000000000000655       0x34 c:/st/stm32cubeide_1.7.0/stm32cubeide/plugins/com.st.stm32cube.ide.mcu.externaltools.gnu-tools-for-stm32.9-2020-q2-update.win32_2.0.0.202105311346/tools/bin/../lib/gcc/arm-none-eabi/9.3.1/../../../../arm-none-eabi/lib/thumb/v7e-m+fp/hard\libc_nano.a(lib_a-signalr.o)
 .ARM.attributes
                0x0000000000000689       0x34 c:/st/stm32cubeide_1.7.0/stm32cubeide/plugins/com.st.stm32cube.ide.mcu.externaltools.gnu-tools-for-stm32.9-2020-q2-update.win32_2.0.0.202105311346/tools/bin/../lib/gcc/arm-none-eabi/9.3.1/../../../../arm-none-eabi/lib/thumb/v7e-m+fp/hard\libc_nano.a(lib_a-mlock.o)
 .ARM.attributes
                0x00000000000006bd       0x34 c:/st/stm32cubeide_1.7.0/stm32cubeide/plugins/com.st.stm32cube.ide.mcu.externaltools.gnu-tools-for-stm32.9-2020-q2-update.win32_2.0.0.202105311346/tools/bin/../lib/gcc/arm-none-eabi/9.3.1/../../../../arm-none-eabi/lib/thumb/v7e-m+fp/hard\libc_nano.a(lib_a-reent.o)
 .ARM.attributes
                0x00000000000006f1       0x34 c:/st/stm32cubeide_1.7.0/stm32cubeide/plugins/com.st.stm32cube.ide.mcu.externaltools.gnu-tools-for-stm32.9-2020-q2-update.win32_2.0.0.202105311346/tools/bin/../lib/gcc/arm-none-eabi/9.3.1/../../../../arm-none-eabi/lib/thumb/v7e-m+fp/hard\libc_nano.a(lib_a-lock.o)
 .ARM.attributes
                0x0000000000000725       0x1e c:/st/stm32cubeide_1.7.0/stm32cubeide/plugins/com.st.stm32cube.ide.mcu.externaltools.gnu-tools-for-stm32.9-2020-q2-update.win32_2.0.0.202105311346/tools/bin/../lib/gcc/arm-none-eabi/9.3.1/thumb/v7e-m+fp/hard/crtn.o
OUTPUT(PUTM_EV_TELEMETRY_2022.elf elf32-littlearm)
LOAD linker stubs
LOAD c:/st/stm32cubeide_1.7.0/stm32cubeide/plugins/com.st.stm32cube.ide.mcu.externaltools.gnu-tools-for-stm32.9-2020-q2-update.win32_2.0.0.202105311346/tools/bin/../lib/gcc/arm-none-eabi/9.3.1/../../../../arm-none-eabi/lib/thumb/v7e-m+fp/hard\libc.a
LOAD c:/st/stm32cubeide_1.7.0/stm32cubeide/plugins/com.st.stm32cube.ide.mcu.externaltools.gnu-tools-for-stm32.9-2020-q2-update.win32_2.0.0.202105311346/tools/bin/../lib/gcc/arm-none-eabi/9.3.1/../../../../arm-none-eabi/lib/thumb/v7e-m+fp/hard\libm.a
LOAD c:/st/stm32cubeide_1.7.0/stm32cubeide/plugins/com.st.stm32cube.ide.mcu.externaltools.gnu-tools-for-stm32.9-2020-q2-update.win32_2.0.0.202105311346/tools/bin/../lib/gcc/arm-none-eabi/9.3.1/thumb/v7e-m+fp/hard\libgcc.a

.debug_info     0x0000000000000000    0x1a531
 .debug_info    0x0000000000000000     0x5690 ./Core/Src/Build_Packet.o
 .debug_info    0x0000000000005690      0xb24 ./Core/Src/Can_Send_Receive.o
 .debug_info    0x00000000000061b4     0x1bd8 ./Core/Src/Radio_Control.o
 .debug_info    0x0000000000007d8c     0x25a0 ./Core/Src/main.o
 .debug_info    0x000000000000a32c     0x17f3 ./Core/Src/stm32l4xx_hal_msp.o
 .debug_info    0x000000000000bb1f      0xeac ./Core/Src/stm32l4xx_it.o
 .debug_info    0x000000000000c9cb      0xfa8 ./Core/Src/syscalls.o
 .debug_info    0x000000000000d973      0xa25 ./Core/Src/sysmem.o
 .debug_info    0x000000000000e398      0x7aa ./Core/Src/system_stm32l4xx.o
 .debug_info    0x000000000000eb42       0x22 ./Core/Startup/startup_stm32l4p5retx.o
 .debug_info    0x000000000000eb64      0xd1d ./Drivers/STM32L4xx_HAL_Driver/Src/stm32l4xx_hal.o
 .debug_info    0x000000000000f881     0x1230 ./Drivers/STM32L4xx_HAL_Driver/Src/stm32l4xx_hal_can.o
 .debug_info    0x0000000000010ab1     0x104c ./Drivers/STM32L4xx_HAL_Driver/Src/stm32l4xx_hal_cortex.o
 .debug_info    0x0000000000011afd      0xa96 ./Drivers/STM32L4xx_HAL_Driver/Src/stm32l4xx_hal_gpio.o
 .debug_info    0x0000000000012593      0xc94 ./Drivers/STM32L4xx_HAL_Driver/Src/stm32l4xx_hal_pwr_ex.o
 .debug_info    0x0000000000013227      0xfbc ./Drivers/STM32L4xx_HAL_Driver/Src/stm32l4xx_hal_rcc.o
 .debug_info    0x00000000000141e3     0x1a2d ./Drivers/STM32L4xx_HAL_Driver/Src/stm32l4xx_hal_spi.o
 .debug_info    0x0000000000015c10     0x2f64 ./Drivers/STM32L4xx_HAL_Driver/Src/stm32l4xx_hal_tim.o
 .debug_info    0x0000000000018b74     0x19bd ./Drivers/STM32L4xx_HAL_Driver/Src/stm32l4xx_hal_tim_ex.o

.debug_abbrev   0x0000000000000000     0x31c3
 .debug_abbrev  0x0000000000000000      0x782 ./Core/Src/Build_Packet.o
 .debug_abbrev  0x0000000000000782      0x26f ./Core/Src/Can_Send_Receive.o
 .debug_abbrev  0x00000000000009f1      0x41b ./Core/Src/Radio_Control.o
 .debug_abbrev  0x0000000000000e0c      0x4bb ./Core/Src/main.o
 .debug_abbrev  0x00000000000012c7      0x1f9 ./Core/Src/stm32l4xx_hal_msp.o
 .debug_abbrev  0x00000000000014c0      0x1a7 ./Core/Src/stm32l4xx_it.o
 .debug_abbrev  0x0000000000001667      0x286 ./Core/Src/syscalls.o
 .debug_abbrev  0x00000000000018ed      0x1bf ./Core/Src/sysmem.o
 .debug_abbrev  0x0000000000001aac      0x165 ./Core/Src/system_stm32l4xx.o
 .debug_abbrev  0x0000000000001c11       0x12 ./Core/Startup/startup_stm32l4p5retx.o
 .debug_abbrev  0x0000000000001c23      0x227 ./Drivers/STM32L4xx_HAL_Driver/Src/stm32l4xx_hal.o
 .debug_abbrev  0x0000000000001e4a      0x27d ./Drivers/STM32L4xx_HAL_Driver/Src/stm32l4xx_hal_can.o
 .debug_abbrev  0x00000000000020c7      0x33c ./Drivers/STM32L4xx_HAL_Driver/Src/stm32l4xx_hal_cortex.o
 .debug_abbrev  0x0000000000002403      0x1e8 ./Drivers/STM32L4xx_HAL_Driver/Src/stm32l4xx_hal_gpio.o
 .debug_abbrev  0x00000000000025eb      0x1f3 ./Drivers/STM32L4xx_HAL_Driver/Src/stm32l4xx_hal_pwr_ex.o
 .debug_abbrev  0x00000000000027de      0x2cd ./Drivers/STM32L4xx_HAL_Driver/Src/stm32l4xx_hal_rcc.o
 .debug_abbrev  0x0000000000002aab      0x254 ./Drivers/STM32L4xx_HAL_Driver/Src/stm32l4xx_hal_spi.o
 .debug_abbrev  0x0000000000002cff      0x25e ./Drivers/STM32L4xx_HAL_Driver/Src/stm32l4xx_hal_tim.o
 .debug_abbrev  0x0000000000002f5d      0x266 ./Drivers/STM32L4xx_HAL_Driver/Src/stm32l4xx_hal_tim_ex.o

.debug_aranges  0x0000000000000000     0x10f8
 .debug_aranges
                0x0000000000000000       0x78 ./Core/Src/Build_Packet.o
 .debug_aranges
                0x0000000000000078       0x40 ./Core/Src/Can_Send_Receive.o
 .debug_aranges
                0x00000000000000b8       0xc0 ./Core/Src/Radio_Control.o
 .debug_aranges
                0x0000000000000178       0x78 ./Core/Src/main.o
 .debug_aranges
                0x00000000000001f0       0x50 ./Core/Src/stm32l4xx_hal_msp.o
 .debug_aranges
                0x0000000000000240       0x78 ./Core/Src/stm32l4xx_it.o
 .debug_aranges
                0x00000000000002b8       0xa8 ./Core/Src/syscalls.o
 .debug_aranges
                0x0000000000000360       0x20 ./Core/Src/sysmem.o
 .debug_aranges
                0x0000000000000380       0x28 ./Core/Src/system_stm32l4xx.o
 .debug_aranges
                0x00000000000003a8       0x28 ./Core/Startup/startup_stm32l4p5retx.o
 .debug_aranges
                0x00000000000003d0      0x130 ./Drivers/STM32L4xx_HAL_Driver/Src/stm32l4xx_hal.o
 .debug_aranges
                0x0000000000000500      0x138 ./Drivers/STM32L4xx_HAL_Driver/Src/stm32l4xx_hal_can.o
 .debug_aranges
                0x0000000000000638      0x118 ./Drivers/STM32L4xx_HAL_Driver/Src/stm32l4xx_hal_cortex.o
 .debug_aranges
                0x0000000000000750       0x58 ./Drivers/STM32L4xx_HAL_Driver/Src/stm32l4xx_hal_gpio.o
 .debug_aranges
                0x00000000000007a8      0x180 ./Drivers/STM32L4xx_HAL_Driver/Src/stm32l4xx_hal_pwr_ex.o
 .debug_aranges
                0x0000000000000928       0x98 ./Drivers/STM32L4xx_HAL_Driver/Src/stm32l4xx_hal_rcc.o
 .debug_aranges
                0x00000000000009c0      0x1d8 ./Drivers/STM32L4xx_HAL_Driver/Src/stm32l4xx_hal_spi.o
 .debug_aranges
                0x0000000000000b98      0x3e0 ./Drivers/STM32L4xx_HAL_Driver/Src/stm32l4xx_hal_tim.o
 .debug_aranges
                0x0000000000000f78      0x180 ./Drivers/STM32L4xx_HAL_Driver/Src/stm32l4xx_hal_tim_ex.o

.debug_ranges   0x0000000000000000      0xfd0
 .debug_ranges  0x0000000000000000       0x68 ./Core/Src/Build_Packet.o
 .debug_ranges  0x0000000000000068       0x30 ./Core/Src/Can_Send_Receive.o
 .debug_ranges  0x0000000000000098       0xb0 ./Core/Src/Radio_Control.o
 .debug_ranges  0x0000000000000148       0x68 ./Core/Src/main.o
 .debug_ranges  0x00000000000001b0       0x40 ./Core/Src/stm32l4xx_hal_msp.o
 .debug_ranges  0x00000000000001f0       0x68 ./Core/Src/stm32l4xx_it.o
 .debug_ranges  0x0000000000000258       0x98 ./Core/Src/syscalls.o
 .debug_ranges  0x00000000000002f0       0x10 ./Core/Src/sysmem.o
 .debug_ranges  0x0000000000000300       0x18 ./Core/Src/system_stm32l4xx.o
 .debug_ranges  0x0000000000000318       0x20 ./Core/Startup/startup_stm32l4p5retx.o
 .debug_ranges  0x0000000000000338      0x120 ./Drivers/STM32L4xx_HAL_Driver/Src/stm32l4xx_hal.o
 .debug_ranges  0x0000000000000458      0x128 ./Drivers/STM32L4xx_HAL_Driver/Src/stm32l4xx_hal_can.o
 .debug_ranges  0x0000000000000580      0x108 ./Drivers/STM32L4xx_HAL_Driver/Src/stm32l4xx_hal_cortex.o
 .debug_ranges  0x0000000000000688       0x48 ./Drivers/STM32L4xx_HAL_Driver/Src/stm32l4xx_hal_gpio.o
 .debug_ranges  0x00000000000006d0      0x170 ./Drivers/STM32L4xx_HAL_Driver/Src/stm32l4xx_hal_pwr_ex.o
 .debug_ranges  0x0000000000000840       0x88 ./Drivers/STM32L4xx_HAL_Driver/Src/stm32l4xx_hal_rcc.o
 .debug_ranges  0x00000000000008c8      0x1c8 ./Drivers/STM32L4xx_HAL_Driver/Src/stm32l4xx_hal_spi.o
 .debug_ranges  0x0000000000000a90      0x3d0 ./Drivers/STM32L4xx_HAL_Driver/Src/stm32l4xx_hal_tim.o
 .debug_ranges  0x0000000000000e60      0x170 ./Drivers/STM32L4xx_HAL_Driver/Src/stm32l4xx_hal_tim_ex.o

.debug_macro    0x0000000000000000    0x30391
 .debug_macro   0x0000000000000000      0xcc4 ./Core/Src/Build_Packet.o
 .debug_macro   0x0000000000000cc4      0xb80 ./Core/Src/Build_Packet.o
 .debug_macro   0x0000000000001844      0x1b3 ./Core/Src/Build_Packet.o
 .debug_macro   0x00000000000019f7       0x2e ./Core/Src/Build_Packet.o
 .debug_macro   0x0000000000001a25       0x28 ./Core/Src/Build_Packet.o
 .debug_macro   0x0000000000001a4d       0x1c ./Core/Src/Build_Packet.o
 .debug_macro   0x0000000000001a69       0x22 ./Core/Src/Build_Packet.o
 .debug_macro   0x0000000000001a8b       0x8e ./Core/Src/Build_Packet.o
 .debug_macro   0x0000000000001b19       0x51 ./Core/Src/Build_Packet.o
 .debug_macro   0x0000000000001b6a      0x103 ./Core/Src/Build_Packet.o
 .debug_macro   0x0000000000001c6d       0x6a ./Core/Src/Build_Packet.o
 .debug_macro   0x0000000000001cd7      0x1df ./Core/Src/Build_Packet.o
 .debug_macro   0x0000000000001eb6       0x1c ./Core/Src/Build_Packet.o
 .debug_macro   0x0000000000001ed2       0x22 ./Core/Src/Build_Packet.o
 .debug_macro   0x0000000000001ef4      0x101 ./Core/Src/Build_Packet.o
 .debug_macro   0x0000000000001ff5     0x1011 ./Core/Src/Build_Packet.o
 .debug_macro   0x0000000000003006      0x11f ./Core/Src/Build_Packet.o
 .debug_macro   0x0000000000003125    0x1e327 ./Core/Src/Build_Packet.o
 .debug_macro   0x000000000002144c       0x6d ./Core/Src/Build_Packet.o
 .debug_macro   0x00000000000214b9     0x38db ./Core/Src/Build_Packet.o
 .debug_macro   0x0000000000024d94      0x17b ./Core/Src/Build_Packet.o
 .debug_macro   0x0000000000024f0f       0x5c ./Core/Src/Build_Packet.o
 .debug_macro   0x0000000000024f6b     0x1979 ./Core/Src/Build_Packet.o
 .debug_macro   0x00000000000268e4      0x85a ./Core/Src/Build_Packet.o
 .debug_macro   0x000000000002713e      0x1b9 ./Core/Src/Build_Packet.o
 .debug_macro   0x00000000000272f7      0x24f ./Core/Src/Build_Packet.o
 .debug_macro   0x0000000000027546      0x486 ./Core/Src/Build_Packet.o
 .debug_macro   0x00000000000279cc      0x1b4 ./Core/Src/Build_Packet.o
 .debug_macro   0x0000000000027b80       0x43 ./Core/Src/Build_Packet.o
 .debug_macro   0x0000000000027bc3      0x23d ./Core/Src/Build_Packet.o
 .debug_macro   0x0000000000027e00      0x408 ./Core/Src/Build_Packet.o
 .debug_macro   0x0000000000028208      0x241 ./Core/Src/Build_Packet.o
 .debug_macro   0x0000000000028449      0x416 ./Core/Src/Build_Packet.o
 .debug_macro   0x000000000002885f       0x1c ./Core/Src/Build_Packet.o
 .debug_macro   0x000000000002887b       0xeb ./Core/Src/Build_Packet.o
 .debug_macro   0x0000000000028966      0x22c ./Core/Src/Build_Packet.o
 .debug_macro   0x0000000000028b92       0x61 ./Core/Src/Build_Packet.o
 .debug_macro   0x0000000000028bf3       0xa5 ./Core/Src/Build_Packet.o
 .debug_macro   0x0000000000028c98      0x122 ./Core/Src/Build_Packet.o
 .debug_macro   0x0000000000028dba      0x404 ./Core/Src/Build_Packet.o
 .debug_macro   0x00000000000291be      0x2fe ./Core/Src/Build_Packet.o
 .debug_macro   0x00000000000294bc      0xa75 ./Core/Src/Build_Packet.o
 .debug_macro   0x0000000000029f31      0x1ab ./Core/Src/Build_Packet.o
 .debug_macro   0x000000000002a0dc      0x432 ./Core/Src/Build_Packet.o
 .debug_macro   0x000000000002a50e       0x16 ./Core/Src/Build_Packet.o
 .debug_macro   0x000000000002a524      0x17c ./Core/Src/Build_Packet.o
 .debug_macro   0x000000000002a6a0       0x10 ./Core/Src/Build_Packet.o
 .debug_macro   0x000000000002a6b0      0x41e ./Core/Src/Build_Packet.o
 .debug_macro   0x000000000002aace       0x52 ./Core/Src/Build_Packet.o
 .debug_macro   0x000000000002ab20       0x18 ./Core/Src/Build_Packet.o
 .debug_macro   0x000000000002ab38       0x3c ./Core/Src/Build_Packet.o
 .debug_macro   0x000000000002ab74       0x34 ./Core/Src/Build_Packet.o
 .debug_macro   0x000000000002aba8       0x16 ./Core/Src/Build_Packet.o
 .debug_macro   0x000000000002abbe       0x43 ./Core/Src/Build_Packet.o
 .debug_macro   0x000000000002ac01       0x34 ./Core/Src/Build_Packet.o
 .debug_macro   0x000000000002ac35       0x10 ./Core/Src/Build_Packet.o
 .debug_macro   0x000000000002ac45       0x58 ./Core/Src/Build_Packet.o
 .debug_macro   0x000000000002ac9d       0x71 ./Core/Src/Build_Packet.o
 .debug_macro   0x000000000002ad0e       0x16 ./Core/Src/Build_Packet.o
 .debug_macro   0x000000000002ad24      0x12a ./Core/Src/Build_Packet.o
 .debug_macro   0x000000000002ae4e      0x356 ./Core/Src/Build_Packet.o
 .debug_macro   0x000000000002b1a4       0x10 ./Core/Src/Build_Packet.o
 .debug_macro   0x000000000002b1b4       0x35 ./Core/Src/Build_Packet.o
 .debug_macro   0x000000000002b1e9       0x20 ./Core/Src/Build_Packet.o
 .debug_macro   0x000000000002b209       0x8e ./Core/Src/Build_Packet.o
 .debug_macro   0x000000000002b297       0x7c ./Core/Src/Build_Packet.o
 .debug_macro   0x000000000002b313       0x17 ./Core/Src/Build_Packet.o
 .debug_macro   0x000000000002b32a       0xee ./Core/Src/Build_Packet.o
 .debug_macro   0x000000000002b418      0x184 ./Core/Src/Build_Packet.o
 .debug_macro   0x000000000002b59c       0x58 ./Core/Src/Build_Packet.o
 .debug_macro   0x000000000002b5f4       0x16 ./Core/Src/Build_Packet.o
 .debug_macro   0x000000000002b60a       0x10 ./Core/Src/Build_Packet.o
 .debug_macro   0x000000000002b61a       0x18 ./Core/Src/Build_Packet.o
 .debug_macro   0x000000000002b632      0x1a2 ./Core/Src/Build_Packet.o
 .debug_macro   0x000000000002b7d4       0x10 ./Core/Src/Build_Packet.o
 .debug_macro   0x000000000002b7e4       0x16 ./Core/Src/Build_Packet.o
 .debug_macro   0x000000000002b7fa       0x16 ./Core/Src/Build_Packet.o
 .debug_macro   0x000000000002b810       0x29 ./Core/Src/Build_Packet.o
 .debug_macro   0x000000000002b839       0x10 ./Core/Src/Build_Packet.o
 .debug_macro   0x000000000002b849      0x3c7 ./Core/Src/Build_Packet.o
 .debug_macro   0x000000000002bc10       0x4d ./Core/Src/Build_Packet.o
 .debug_macro   0x000000000002bc5d       0x16 ./Core/Src/Build_Packet.o
 .debug_macro   0x000000000002bc73       0xdd ./Core/Src/Build_Packet.o
 .debug_macro   0x000000000002bd50       0x40 ./Core/Src/Build_Packet.o
 .debug_macro   0x000000000002bd90       0x22 ./Core/Src/Build_Packet.o
 .debug_macro   0x000000000002bdb2       0x10 ./Core/Src/Build_Packet.o
 .debug_macro   0x000000000002bdc2       0x10 ./Core/Src/Build_Packet.o
 .debug_macro   0x000000000002bdd2       0x41 ./Core/Src/Build_Packet.o
 .debug_macro   0x000000000002be13       0x35 ./Core/Src/Build_Packet.o
 .debug_macro   0x000000000002be48       0x28 ./Core/Src/Build_Packet.o
 .debug_macro   0x000000000002be70       0x12 ./Core/Src/Build_Packet.o
 .debug_macro   0x000000000002be82       0x27 ./Core/Src/Build_Packet.o
 .debug_macro   0x000000000002bea9       0x2e ./Core/Src/Build_Packet.o
 .debug_macro   0x000000000002bed7       0x19 ./Core/Src/Build_Packet.o
 .debug_macro   0x000000000002bef0       0x22 ./Core/Src/Build_Packet.o
 .debug_macro   0x000000000002bf12       0x3c ./Core/Src/Build_Packet.o
 .debug_macro   0x000000000002bf4e       0x10 ./Core/Src/Build_Packet.o
 .debug_macro   0x000000000002bf5e       0x3f ./Core/Src/Build_Packet.o
 .debug_macro   0x000000000002bf9d      0x173 ./Core/Src/Build_Packet.o
 .debug_macro   0x000000000002c110       0x1c ./Core/Src/Build_Packet.o
 .debug_macro   0x000000000002c12c       0x10 ./Core/Src/Build_Packet.o
 .debug_macro   0x000000000002c13c       0x6e ./Core/Src/Build_Packet.o
 .debug_macro   0x000000000002c1aa       0x88 ./Core/Src/Build_Packet.o
 .debug_macro   0x000000000002c232       0x19 ./Core/Src/Build_Packet.o
 .debug_macro   0x000000000002c24b       0x10 ./Core/Src/Build_Packet.o
 .debug_macro   0x000000000002c25b       0x5e ./Core/Src/Build_Packet.o
 .debug_macro   0x000000000002c2b9       0x16 ./Core/Src/Build_Packet.o
 .debug_macro   0x000000000002c2cf       0x52 ./Core/Src/Build_Packet.o
 .debug_macro   0x000000000002c321       0x5e ./Core/Src/Build_Packet.o
 .debug_macro   0x000000000002c37f       0x11 ./Core/Src/Build_Packet.o
 .debug_macro   0x000000000002c390       0x2f ./Core/Src/Build_Packet.o
 .debug_macro   0x000000000002c3bf       0x16 ./Core/Src/Build_Packet.o
 .debug_macro   0x000000000002c3d5       0x17 ./Core/Src/Build_Packet.o
 .debug_macro   0x000000000002c3ec       0x11 ./Core/Src/Build_Packet.o
 .debug_macro   0x000000000002c3fd       0x10 ./Core/Src/Build_Packet.o
 .debug_macro   0x000000000002c40d       0xf0 ./Core/Src/Build_Packet.o
 .debug_macro   0x000000000002c4fd       0x1c ./Core/Src/Build_Packet.o
 .debug_macro   0x000000000002c519       0x10 ./Core/Src/Build_Packet.o
 .debug_macro   0x000000000002c529       0x1c ./Core/Src/Build_Packet.o
 .debug_macro   0x000000000002c545       0x52 ./Core/Src/Build_Packet.o
 .debug_macro   0x000000000002c597       0x22 ./Core/Src/Build_Packet.o
 .debug_macro   0x000000000002c5b9       0x10 ./Core/Src/Build_Packet.o
 .debug_macro   0x000000000002c5c9       0x40 ./Core/Src/Build_Packet.o
 .debug_macro   0x000000000002c609       0xd5 ./Core/Src/Build_Packet.o
 .debug_macro   0x000000000002c6de       0x1c ./Core/Src/Build_Packet.o
 .debug_macro   0x000000000002c6fa       0x3d ./Core/Src/Build_Packet.o
 .debug_macro   0x000000000002c737       0x16 ./Core/Src/Build_Packet.o
 .debug_macro   0x000000000002c74d      0x130 ./Core/Src/Build_Packet.o
 .debug_macro   0x000000000002c87d      0x11d ./Core/Src/Build_Packet.o
 .debug_macro   0x000000000002c99a       0x10 ./Core/Src/Build_Packet.o
 .debug_macro   0x000000000002c9aa      0x241 ./Core/Src/Build_Packet.o
 .debug_macro   0x000000000002cbeb       0x17 ./Core/Src/Build_Packet.o
 .debug_macro   0x000000000002cc02       0x17 ./Core/Src/Build_Packet.o
 .debug_macro   0x000000000002cc19       0x10 ./Core/Src/Build_Packet.o
 .debug_macro   0x000000000002cc29       0x10 ./Core/Src/Build_Packet.o
 .debug_macro   0x000000000002cc39       0x76 ./Core/Src/Build_Packet.o
 .debug_macro   0x000000000002ccaf       0x16 ./Core/Src/Build_Packet.o
 .debug_macro   0x000000000002ccc5       0x10 ./Core/Src/Build_Packet.o
 .debug_macro   0x000000000002ccd5      0x120 ./Core/Src/Build_Packet.o
 .debug_macro   0x000000000002cdf5       0x22 ./Core/Src/Build_Packet.o
 .debug_macro   0x000000000002ce17       0x20 ./Core/Src/Build_Packet.o
 .debug_macro   0x000000000002ce37       0x17 ./Core/Src/Build_Packet.o
 .debug_macro   0x000000000002ce4e       0x10 ./Core/Src/Build_Packet.o
 .debug_macro   0x000000000002ce5e       0x3c ./Core/Src/Build_Packet.o
 .debug_macro   0x000000000002ce9a       0x10 ./Core/Src/Build_Packet.o
 .debug_macro   0x000000000002ceaa       0x11 ./Core/Src/Build_Packet.o
 .debug_macro   0x000000000002cebb       0x46 ./Core/Src/Build_Packet.o
 .debug_macro   0x000000000002cf01       0x12 ./Core/Src/Build_Packet.o
 .debug_macro   0x000000000002cf13       0x2e ./Core/Src/Build_Packet.o
 .debug_macro   0x000000000002cf41       0x10 ./Core/Src/Build_Packet.o
 .debug_macro   0x000000000002cf51       0x1c ./Core/Src/Build_Packet.o
 .debug_macro   0x000000000002cf6d       0x19 ./Core/Src/Build_Packet.o
 .debug_macro   0x000000000002cf86      0x21c ./Core/Src/Can_Send_Receive.o
 .debug_macro   0x000000000002d1a2      0x344 ./Core/Src/Radio_Control.o
 .debug_macro   0x000000000002d4e6       0xfa ./Core/Src/Radio_Control.o
 .debug_macro   0x000000000002d5e0       0x22 ./Core/Src/Radio_Control.o
 .debug_macro   0x000000000002d602      0x3f3 ./Core/Src/main.o
 .debug_macro   0x000000000002d9f5      0x137 ./Core/Src/main.o
 .debug_macro   0x000000000002db2c      0x202 ./Core/Src/stm32l4xx_hal_msp.o
 .debug_macro   0x000000000002dd2e      0x20c ./Core/Src/stm32l4xx_it.o
 .debug_macro   0x000000000002df3a      0x24c ./Core/Src/syscalls.o
 .debug_macro   0x000000000002e186       0x4c ./Core/Src/syscalls.o
 .debug_macro   0x000000000002e1d2       0x94 ./Core/Src/syscalls.o
 .debug_macro   0x000000000002e266       0x34 ./Core/Src/syscalls.o
 .debug_macro   0x000000000002e29a       0x57 ./Core/Src/syscalls.o
 .debug_macro   0x000000000002e2f1      0x339 ./Core/Src/syscalls.o
 .debug_macro   0x000000000002e62a       0x43 ./Core/Src/syscalls.o
 .debug_macro   0x000000000002e66d       0x1c ./Core/Src/syscalls.o
 .debug_macro   0x000000000002e689       0x10 ./Core/Src/syscalls.o
 .debug_macro   0x000000000002e699       0x35 ./Core/Src/syscalls.o
 .debug_macro   0x000000000002e6ce       0x10 ./Core/Src/syscalls.o
 .debug_macro   0x000000000002e6de       0x10 ./Core/Src/syscalls.o
 .debug_macro   0x000000000002e6ee       0x35 ./Core/Src/syscalls.o
 .debug_macro   0x000000000002e723      0x12c ./Core/Src/syscalls.o
 .debug_macro   0x000000000002e84f       0x10 ./Core/Src/syscalls.o
 .debug_macro   0x000000000002e85f      0x145 ./Core/Src/syscalls.o
 .debug_macro   0x000000000002e9a4      0x189 ./Core/Src/syscalls.o
 .debug_macro   0x000000000002eb2d       0x16 ./Core/Src/syscalls.o
 .debug_macro   0x000000000002eb43       0xce ./Core/Src/syscalls.o
 .debug_macro   0x000000000002ec11       0xff ./Core/Src/sysmem.o
 .debug_macro   0x000000000002ed10      0x23b ./Core/Src/sysmem.o
 .debug_macro   0x000000000002ef4b      0x1f2 ./Core/Src/system_stm32l4xx.o
 .debug_macro   0x000000000002f13d      0x240 ./Drivers/STM32L4xx_HAL_Driver/Src/stm32l4xx_hal.o
 .debug_macro   0x000000000002f37d      0x1fa ./Drivers/STM32L4xx_HAL_Driver/Src/stm32l4xx_hal_can.o
 .debug_macro   0x000000000002f577      0x1f2 ./Drivers/STM32L4xx_HAL_Driver/Src/stm32l4xx_hal_cortex.o
 .debug_macro   0x000000000002f769      0x1f9 ./Drivers/STM32L4xx_HAL_Driver/Src/stm32l4xx_hal_gpio.o
 .debug_macro   0x000000000002f962      0x21c ./Drivers/STM32L4xx_HAL_Driver/Src/stm32l4xx_hal_pwr_ex.o
 .debug_macro   0x000000000002fb7e      0x234 ./Drivers/STM32L4xx_HAL_Driver/Src/stm32l4xx_hal_rcc.o
 .debug_macro   0x000000000002fdb2      0x1fa ./Drivers/STM32L4xx_HAL_Driver/Src/stm32l4xx_hal_spi.o
 .debug_macro   0x000000000002ffac      0x1f3 ./Drivers/STM32L4xx_HAL_Driver/Src/stm32l4xx_hal_tim.o
 .debug_macro   0x000000000003019f      0x1f2 ./Drivers/STM32L4xx_HAL_Driver/Src/stm32l4xx_hal_tim_ex.o

.debug_line     0x0000000000000000    0x13621
 .debug_line    0x0000000000000000     0x1e8f ./Core/Src/Build_Packet.o
 .debug_line    0x0000000000001e8f      0x8d5 ./Core/Src/Can_Send_Receive.o
 .debug_line    0x0000000000002764      0xf17 ./Core/Src/Radio_Control.o
 .debug_line    0x000000000000367b      0xe2d ./Core/Src/main.o
 .debug_line    0x00000000000044a8      0x803 ./Core/Src/stm32l4xx_hal_msp.o
 .debug_line    0x0000000000004cab      0x839 ./Core/Src/stm32l4xx_it.o
 .debug_line    0x00000000000054e4      0x802 ./Core/Src/syscalls.o
 .debug_line    0x0000000000005ce6      0x4f8 ./Core/Src/sysmem.o
 .debug_line    0x00000000000061de      0x7bd ./Core/Src/system_stm32l4xx.o
 .debug_line    0x000000000000699b       0x88 ./Core/Startup/startup_stm32l4p5retx.o
 .debug_line    0x0000000000006a23      0xb17 ./Drivers/STM32L4xx_HAL_Driver/Src/stm32l4xx_hal.o
 .debug_line    0x000000000000753a     0x117c ./Drivers/STM32L4xx_HAL_Driver/Src/stm32l4xx_hal_can.o
 .debug_line    0x00000000000086b6      0xcbe ./Drivers/STM32L4xx_HAL_Driver/Src/stm32l4xx_hal_cortex.o
 .debug_line    0x0000000000009374      0xb73 ./Drivers/STM32L4xx_HAL_Driver/Src/stm32l4xx_hal_gpio.o
 .debug_line    0x0000000000009ee7      0xdac ./Drivers/STM32L4xx_HAL_Driver/Src/stm32l4xx_hal_pwr_ex.o
 .debug_line    0x000000000000ac93     0x10dc ./Drivers/STM32L4xx_HAL_Driver/Src/stm32l4xx_hal_rcc.o
 .debug_line    0x000000000000bd6f     0x1f51 ./Drivers/STM32L4xx_HAL_Driver/Src/stm32l4xx_hal_spi.o
 .debug_line    0x000000000000dcc0     0x3d51 ./Drivers/STM32L4xx_HAL_Driver/Src/stm32l4xx_hal_tim.o
 .debug_line    0x0000000000011a11     0x1c10 ./Drivers/STM32L4xx_HAL_Driver/Src/stm32l4xx_hal_tim_ex.o

.debug_str      0x0000000000000000   0x11da7c
 .debug_str     0x0000000000000000   0x117548 ./Core/Src/Build_Packet.o
                                     0x117e3d (size before relaxing)
 .debug_str     0x0000000000117548      0x460 ./Core/Src/Can_Send_Receive.o
                                     0x108c11 (size before relaxing)
 .debug_str     0x00000000001179a8      0xb03 ./Core/Src/Radio_Control.o
                                     0x10e08d (size before relaxing)
 .debug_str     0x00000000001184ab      0x728 ./Core/Src/main.o
                                     0x10f456 (size before relaxing)
 .debug_str     0x0000000000118bd3      0x71a ./Core/Src/stm32l4xx_hal_msp.o
                                     0x1091ef (size before relaxing)
 .debug_str     0x00000000001192ed       0xf5 ./Core/Src/stm32l4xx_it.o
                                     0x1089a8 (size before relaxing)
 .debug_str     0x00000000001193e2     0x1320 ./Core/Src/syscalls.o
                                       0x8ef8 (size before relaxing)
 .debug_str     0x000000000011a702       0x6b ./Core/Src/sysmem.o
                                       0x62cb (size before relaxing)
 .debug_str     0x000000000011a76d       0xb8 ./Core/Src/system_stm32l4xx.o
                                     0x108258 (size before relaxing)
 .debug_str     0x000000000011a825       0x36 ./Core/Startup/startup_stm32l4p5retx.o
                                         0x9c (size before relaxing)
 .debug_str     0x000000000011a85b      0x5a5 ./Drivers/STM32L4xx_HAL_Driver/Src/stm32l4xx_hal.o
                                     0x108da1 (size before relaxing)
 .debug_str     0x000000000011ae00      0x476 ./Drivers/STM32L4xx_HAL_Driver/Src/stm32l4xx_hal_can.o
                                     0x1088eb (size before relaxing)
 .debug_str     0x000000000011b276      0x389 ./Drivers/STM32L4xx_HAL_Driver/Src/stm32l4xx_hal_cortex.o
                                     0x108aec (size before relaxing)
 .debug_str     0x000000000011b5ff      0x153 ./Drivers/STM32L4xx_HAL_Driver/Src/stm32l4xx_hal_gpio.o
                                     0x10841e (size before relaxing)
 .debug_str     0x000000000011b752      0x5af ./Drivers/STM32L4xx_HAL_Driver/Src/stm32l4xx_hal_pwr_ex.o
                                     0x10886a (size before relaxing)
 .debug_str     0x000000000011bd01      0x3f1 ./Drivers/STM32L4xx_HAL_Driver/Src/stm32l4xx_hal_rcc.o
                                     0x108890 (size before relaxing)
 .debug_str     0x000000000011c0f2      0x57f ./Drivers/STM32L4xx_HAL_Driver/Src/stm32l4xx_hal_spi.o
                                     0x108b0c (size before relaxing)
 .debug_str     0x000000000011c671      0xe0f ./Drivers/STM32L4xx_HAL_Driver/Src/stm32l4xx_hal_tim.o
                                     0x1095d7 (size before relaxing)
 .debug_str     0x000000000011d480      0x5fc ./Drivers/STM32L4xx_HAL_Driver/Src/stm32l4xx_hal_tim_ex.o
                                     0x108ea9 (size before relaxing)

.comment        0x0000000000000000       0x53
 .comment       0x0000000000000000       0x53 ./Core/Src/Build_Packet.o
                                         0x54 (size before relaxing)
 .comment       0x0000000000000053       0x54 ./Core/Src/Can_Send_Receive.o
 .comment       0x0000000000000053       0x54 ./Core/Src/Radio_Control.o
 .comment       0x0000000000000053       0x54 ./Core/Src/main.o
 .comment       0x0000000000000053       0x54 ./Core/Src/stm32l4xx_hal_msp.o
 .comment       0x0000000000000053       0x54 ./Core/Src/stm32l4xx_it.o
 .comment       0x0000000000000053       0x54 ./Core/Src/syscalls.o
 .comment       0x0000000000000053       0x54 ./Core/Src/sysmem.o
 .comment       0x0000000000000053       0x54 ./Core/Src/system_stm32l4xx.o
 .comment       0x0000000000000053       0x54 ./Drivers/STM32L4xx_HAL_Driver/Src/stm32l4xx_hal.o
 .comment       0x0000000000000053       0x54 ./Drivers/STM32L4xx_HAL_Driver/Src/stm32l4xx_hal_can.o
 .comment       0x0000000000000053       0x54 ./Drivers/STM32L4xx_HAL_Driver/Src/stm32l4xx_hal_cortex.o
 .comment       0x0000000000000053       0x54 ./Drivers/STM32L4xx_HAL_Driver/Src/stm32l4xx_hal_gpio.o
 .comment       0x0000000000000053       0x54 ./Drivers/STM32L4xx_HAL_Driver/Src/stm32l4xx_hal_pwr_ex.o
 .comment       0x0000000000000053       0x54 ./Drivers/STM32L4xx_HAL_Driver/Src/stm32l4xx_hal_rcc.o
 .comment       0x0000000000000053       0x54 ./Drivers/STM32L4xx_HAL_Driver/Src/stm32l4xx_hal_spi.o
 .comment       0x0000000000000053       0x54 ./Drivers/STM32L4xx_HAL_Driver/Src/stm32l4xx_hal_tim.o
 .comment       0x0000000000000053       0x54 ./Drivers/STM32L4xx_HAL_Driver/Src/stm32l4xx_hal_tim_ex.o

.debug_frame    0x0000000000000000     0x4a04
 .debug_frame   0x0000000000000000      0x1e8 ./Core/Src/Build_Packet.o
 .debug_frame   0x00000000000001e8       0xac ./Core/Src/Can_Send_Receive.o
 .debug_frame   0x0000000000000294      0x2d4 ./Core/Src/Radio_Control.o
 .debug_frame   0x0000000000000568      0x1ac ./Core/Src/main.o
 .debug_frame   0x0000000000000714      0x110 ./Core/Src/stm32l4xx_hal_msp.o
 .debug_frame   0x0000000000000824      0x158 ./Core/Src/stm32l4xx_it.o