Can_Send_Receive.hpp:23:2:Can_Message::Can_Message()	16	static
Build_Packet.hpp:36:2:Packet_1::Packet_1()	16	static
Build_Packet.hpp:59:11:uint16_t Packet_1::Return_flag_buffer()	16	static
Build_Packet.hpp:82:2:States::States()	16	static
main.cpp:73:6:void Send(Packet_1*, States*)	16	static
main.cpp:99:5:int main()	32	static
main.cpp:189:6:void SystemClock_Config()	96	static
main.cpp:238:13:void MX_CAN1_Init()	8	static
main.cpp:275:13:void MX_SPI1_Init()	8	static
main.cpp:315:13:void MX_TIM2_Init()	40	static
main.cpp:355:13:void MX_TIM3_Init()	40	static
main.cpp:399:13:void MX_GPIO_Init()	48	static
main.cpp:456:6:void Error_Handler()	4	static,ignoring_inline_asm
