NRF24L01.c:17:6:CS_Select	8	static
NRF24L01.c:22:6:CS_UnSelect	8	static
NRF24L01.c:28:6:CE_Enable	8	static
NRF24L01.c:33:6:CE_Disable	8	static
NRF24L01.c:41:6:nrf24_WriteReg	24	static
NRF24L01.c:57:6:nrf24_WriteRegMulti	32	static
NRF24L01.c:74:9:nrf24_ReadReg	24	static
NRF24L01.c:92:6:nrf24_ReadReg_Multi	24	static
NRF24L01.c:106:6:nrfsendCmd	16	static
NRF24L01.c:117:6:nrf24_reset	40	static
NRF24L01.c:166:6:NRF24_Init	16	static
NRF24L01.c:201:6:NRF24_TxMode	24	static
NRF24L01.c:225:6:Clear_retrasmission_flag	8	static
NRF24L01.c:234:9:NRF24_Transmit	24	static
NRF24L01.c:272:6:NRF24_RxMode	24	static
NRF24L01.c:312:9:isDataAvailable	24	static
NRF24L01.c:328:6:NRF24_Receive	24	static
NRF24L01.c:354:6:NRF24_ReadAll	32	static
