20:32:26 **** Incremental Build of configuration Debug for project NucleoTest ****
make -j8 all 
arm-none-eabi-g++ "../Core/Src/main.cpp" -mcpu=cortex-m4 -std=gnu++14 -g3 -DDEBUG -DUSE_HAL_DRIVER -DSTM32L476xx -c -I../Core/Inc -I../Drivers/STM32L4xx_HAL_Driver/Inc -I../Drivers/STM32L4xx_HAL_Driver/Inc/Legacy -I../Drivers/CMSIS/Device/ST/STM32L4xx/Include -I../Drivers/CMSIS/Include -O0 -ffunction-sections -fdata-sections -fno-exceptions -fno-rtti -fno-use-cxa-atexit -Wall -fstack-usage -MMD -MP -MF"Core/Src/main.d" -MT"Core/Src/main.o" --specs=nano.specs -mfpu=fpv4-sp-d16 -mfloat-abi=hard -mthumb -o "Core/Src/main.o"
arm-none-eabi-g++ -o "NucleoTest.elf" @"objects.list"   -mcpu=cortex-m4 -T"C:\Users\wasyl\Desktop\PUTM_EV_TELEMETRY_2022\FIRMWARE\NucleoTest\STM32L476RGTX_FLASH.ld" --specs=nosys.specs -Wl,-Map="NucleoTest.map" -Wl,--gc-sections -static --specs=nano.specs -mfpu=fpv4-sp-d16 -mfloat-abi=hard -mthumb -Wl,--start-group -lc -lm -lstdc++ -lsupc++ -Wl,--end-group
Finished building target: NucleoTest.elf
 
arm-none-eabi-size   NucleoTest.elf 
arm-none-eabi-objdump -h -S  NucleoTest.elf  > "NucleoTest.list"
arm-none-eabi-objcopy  -O binary  NucleoTest.elf  "NucleoTest.bin"
   text	   data	    bss	    dec	    hex	filename
  25720	    136	   2032	  27888	   6cf0	NucleoTest.elf
Finished building: default.size.stdout
 
Finished building: NucleoTest.bin
 
Finished building: NucleoTest.list
 

20:32:28 Build Finished. 0 errors, 0 warnings. (took 2s.34ms)

